Archive member included to satisfy reference by file (symbol)

.pio/build/disco_f429zi/lib568/libFonts.a(font16.o)
                              .pio/build/disco_f429zi/src/game.o (Font16)
.pio/build/disco_f429zi/lib292/libSTM32F429I-Discovery.a(stm32f429i_discovery.o)
                              .pio/build/disco_f429zi/src/gyro_util.o (BSP_LED_Init)
.pio/build/disco_f429zi/lib292/libSTM32F429I-Discovery.a(stm32f429i_discovery_lcd.o)
                              .pio/build/disco_f429zi/src/LcdDisplay.o (BSP_LCD_GetXSize)
.pio/build/disco_f429zi/lib292/libSTM32F429I-Discovery.a(stm32f429i_discovery_sdram.o)
                              .pio/build/disco_f429zi/lib292/libSTM32F429I-Discovery.a(stm32f429i_discovery_lcd.o) (BSP_SDRAM_Init)
.pio/build/disco_f429zi/lib191/libi3g4250d.a(i3g4250d.o)
                              .pio/build/disco_f429zi/src/gyro_util.o (I3G4250D_Init)
/Users/tonyhabib/.platformio/packages/toolchain-gccarmnoneeabi/bin/../lib/gcc/arm-none-eabi/7.2.1/../../../../arm-none-eabi/lib/thumb/v7e-m/libc_nano.a(lib_a-atoi.o)
                              .pio/build/disco_f429zi/src/console.o (atoi)
/Users/tonyhabib/.platformio/packages/toolchain-gccarmnoneeabi/bin/../lib/gcc/arm-none-eabi/7.2.1/../../../../arm-none-eabi/lib/thumb/v7e-m/libc_nano.a(lib_a-exit.o)
                              /Users/tonyhabib/.platformio/packages/toolchain-gccarmnoneeabi/bin/../lib/gcc/arm-none-eabi/7.2.1/../../../../arm-none-eabi/lib/thumb/v7e-m/crt0.o (exit)
/Users/tonyhabib/.platformio/packages/toolchain-gccarmnoneeabi/bin/../lib/gcc/arm-none-eabi/7.2.1/../../../../arm-none-eabi/lib/thumb/v7e-m/libc_nano.a(lib_a-impure.o)
                              /Users/tonyhabib/.platformio/packages/toolchain-gccarmnoneeabi/bin/../lib/gcc/arm-none-eabi/7.2.1/../../../../arm-none-eabi/lib/thumb/v7e-m/libc_nano.a(lib_a-exit.o) (_global_impure_ptr)
/Users/tonyhabib/.platformio/packages/toolchain-gccarmnoneeabi/bin/../lib/gcc/arm-none-eabi/7.2.1/../../../../arm-none-eabi/lib/thumb/v7e-m/libc_nano.a(lib_a-init.o)
                              /Users/tonyhabib/.platformio/packages/toolchain-gccarmnoneeabi/bin/../lib/gcc/arm-none-eabi/7.2.1/../../../../arm-none-eabi/lib/thumb/v7e-m/crt0.o (__libc_init_array)
/Users/tonyhabib/.platformio/packages/toolchain-gccarmnoneeabi/bin/../lib/gcc/arm-none-eabi/7.2.1/../../../../arm-none-eabi/lib/thumb/v7e-m/libc_nano.a(lib_a-malloc.o)
                              .pio/build/disco_f429zi/src/consoleCommands.o (malloc)
/Users/tonyhabib/.platformio/packages/toolchain-gccarmnoneeabi/bin/../lib/gcc/arm-none-eabi/7.2.1/../../../../arm-none-eabi/lib/thumb/v7e-m/libc_nano.a(lib_a-memcpy-stub.o)
                              .pio/build/disco_f429zi/src/HUB75ELib.o (memcpy)
/Users/tonyhabib/.platformio/packages/toolchain-gccarmnoneeabi/bin/../lib/gcc/arm-none-eabi/7.2.1/../../../../arm-none-eabi/lib/thumb/v7e-m/libc_nano.a(lib_a-memset.o)
                              /Users/tonyhabib/.platformio/packages/toolchain-gccarmnoneeabi/bin/../lib/gcc/arm-none-eabi/7.2.1/../../../../arm-none-eabi/lib/thumb/v7e-m/crt0.o (memset)
/Users/tonyhabib/.platformio/packages/toolchain-gccarmnoneeabi/bin/../lib/gcc/arm-none-eabi/7.2.1/../../../../arm-none-eabi/lib/thumb/v7e-m/libc_nano.a(lib_a-nano-freer.o)
                              /Users/tonyhabib/.platformio/packages/toolchain-gccarmnoneeabi/bin/../lib/gcc/arm-none-eabi/7.2.1/../../../../arm-none-eabi/lib/thumb/v7e-m/libc_nano.a(lib_a-malloc.o) (_free_r)
/Users/tonyhabib/.platformio/packages/toolchain-gccarmnoneeabi/bin/../lib/gcc/arm-none-eabi/7.2.1/../../../../arm-none-eabi/lib/thumb/v7e-m/libc_nano.a(lib_a-nano-mallocr.o)
                              /Users/tonyhabib/.platformio/packages/toolchain-gccarmnoneeabi/bin/../lib/gcc/arm-none-eabi/7.2.1/../../../../arm-none-eabi/lib/thumb/v7e-m/libc_nano.a(lib_a-malloc.o) (_malloc_r)
/Users/tonyhabib/.platformio/packages/toolchain-gccarmnoneeabi/bin/../lib/gcc/arm-none-eabi/7.2.1/../../../../arm-none-eabi/lib/thumb/v7e-m/libc_nano.a(lib_a-sbrkr.o)
                              /Users/tonyhabib/.platformio/packages/toolchain-gccarmnoneeabi/bin/../lib/gcc/arm-none-eabi/7.2.1/../../../../arm-none-eabi/lib/thumb/v7e-m/libc_nano.a(lib_a-nano-mallocr.o) (_sbrk_r)
/Users/tonyhabib/.platformio/packages/toolchain-gccarmnoneeabi/bin/../lib/gcc/arm-none-eabi/7.2.1/../../../../arm-none-eabi/lib/thumb/v7e-m/libc_nano.a(lib_a-sprintf.o)
                              .pio/build/disco_f429zi/src/consoleCommands.o (sprintf)
/Users/tonyhabib/.platformio/packages/toolchain-gccarmnoneeabi/bin/../lib/gcc/arm-none-eabi/7.2.1/../../../../arm-none-eabi/lib/thumb/v7e-m/libc_nano.a(lib_a-strcat.o)
                              .pio/build/disco_f429zi/src/consoleCommands.o (strcat)
/Users/tonyhabib/.platformio/packages/toolchain-gccarmnoneeabi/bin/../lib/gcc/arm-none-eabi/7.2.1/../../../../arm-none-eabi/lib/thumb/v7e-m/libc_nano.a(lib_a-strtol.o)
[...]
Memory Configuration

Name             Origin             Length             Attributes
CCMRAM           0x0000000010000000 0x0000000000010000 xrw
RAM              0x0000000020000000 0x0000000000030000 xrw
FLASH            0x0000000008000000 0x0000000000200000 xr
*default*        0x0000000000000000 0xffffffffffffffff

Linker script and memory map

LOAD /Users/tonyhabib/.platformio/packages/toolchain-gccarmnoneeabi/bin/../lib/gcc/arm-none-eabi/7.2.1/thumb/v7e-m/crti.o
LOAD /Users/tonyhabib/.platformio/packages/toolchain-gccarmnoneeabi/bin/../lib/gcc/arm-none-eabi/7.2.1/thumb/v7e-m/crtbegin.o
LOAD /Users/tonyhabib/.platformio/packages/toolchain-gccarmnoneeabi/bin/../lib/gcc/arm-none-eabi/7.2.1/../../../../arm-none-eabi/lib/thumb/v7e-m/crt0.o
LOAD .pio/build/disco_f429zi/FrameworkHALDriver/Src/stm32f4xx_hal.o
LOAD .pio/build/disco_f429zi/FrameworkHALDriver/Src/stm32f4xx_hal_adc.o
LOAD .pio/build/disco_f429zi/FrameworkHALDriver/Src/stm32f4xx_hal_adc_ex.o
LOAD .pio/build/disco_f429zi/FrameworkHALDriver/Src/stm32f4xx_hal_can.o
LOAD .pio/build/disco_f429zi/FrameworkHALDriver/Src/stm32f4xx_hal_cec.o
LOAD .pio/build/disco_f429zi/FrameworkHALDriver/Src/stm32f4xx_hal_cortex.o
LOAD .pio/build/disco_f429zi/FrameworkHALDriver/Src/stm32f4xx_hal_crc.o
LOAD .pio/build/disco_f429zi/FrameworkHALDriver/Src/stm32f4xx_hal_cryp.o
LOAD .pio/build/disco_f429zi/FrameworkHALDriver/Src/stm32f4xx_hal_cryp_ex.o
LOAD .pio/build/disco_f429zi/FrameworkHALDriver/Src/stm32f4xx_hal_dac.o
LOAD .pio/build/disco_f429zi/FrameworkHALDriver/Src/stm32f4xx_hal_dac_ex.o
LOAD .pio/build/disco_f429zi/FrameworkHALDriver/Src/stm32f4xx_hal_dcmi.o
LOAD .pio/build/disco_f429zi/FrameworkHALDriver/Src/stm32f4xx_hal_dcmi_ex.o
LOAD .pio/build/disco_f429zi/FrameworkHALDriver/Src/stm32f4xx_hal_dfsdm.o
LOAD .pio/build/disco_f429zi/FrameworkHALDriver/Src/stm32f4xx_hal_dma.o
LOAD .pio/build/disco_f429zi/FrameworkHALDriver/Src/stm32f4xx_hal_dma2d.o
LOAD .pio/build/disco_f429zi/FrameworkHALDriver/Src/stm32f4xx_hal_dma_ex.o
LOAD .pio/build/disco_f429zi/FrameworkHALDriver/Src/stm32f4xx_hal_dsi.o
LOAD .pio/build/disco_f429zi/FrameworkHALDriver/Src/stm32f4xx_hal_eth.o
LOAD .pio/build/disco_f429zi/FrameworkHALDriver/Src/stm32f4xx_hal_exti.o
LOAD .pio/build/disco_f429zi/FrameworkHALDriver/Src/stm32f4xx_hal_flash.o
LOAD .pio/build/disco_f429zi/FrameworkHALDriver/Src/stm32f4xx_hal_flash_ex.o
LOAD .pio/build/disco_f429zi/FrameworkHALDriver/Src/stm32f4xx_hal_flash_ramfunc.o
LOAD .pio/build/disco_f429zi/FrameworkHALDriver/Src/stm32f4xx_hal_fmpi2c.o
LOAD .pio/build/disco_f429zi/FrameworkHALDriver/Src/stm32f4xx_hal_fmpi2c_ex.o
LOAD .pio/build/disco_f429zi/FrameworkHALDriver/Src/stm32f4xx_hal_fmpsmbus.o
LOAD .pio/build/disco_f429zi/FrameworkHALDriver/Src/stm32f4xx_hal_fmpsmbus_ex.o
LOAD .pio/build/disco_f429zi/FrameworkHALDriver/Src/stm32f4xx_hal_gpio.o
LOAD .pio/build/disco_f429zi/FrameworkHALDriver/Src/stm32f4xx_hal_hash.o
LOAD .pio/build/disco_f429zi/FrameworkHALDriver/Src/stm32f4xx_hal_hash_ex.o
LOAD .pio/build/disco_f429zi/FrameworkHALDriver/Src/stm32f4xx_hal_hcd.o
LOAD .pio/build/disco_f429zi/FrameworkHALDriver/Src/stm32f4xx_hal_i2c.o
LOAD .pio/build/disco_f429zi/FrameworkHALDriver/Src/stm32f4xx_hal_i2c_ex.o
LOAD .pio/build/disco_f429zi/FrameworkHALDriver/Src/stm32f4xx_hal_i2s.o
LOAD .pio/build/disco_f429zi/FrameworkHALDriver/Src/stm32f4xx_hal_i2s_ex.o
LOAD .pio/build/disco_f429zi/FrameworkHALDriver/Src/stm32f4xx_hal_irda.o
LOAD .pio/build/disco_f429zi/FrameworkHALDriver/Src/stm32f4xx_hal_iwdg.o
LOAD .pio/build/disco_f429zi/FrameworkHALDriver/Src/stm32f4xx_hal_lptim.o
LOAD .pio/build/disco_f429zi/FrameworkHALDriver/Src/stm32f4xx_hal_ltdc.o
LOAD .pio/build/disco_f429zi/FrameworkHALDriver/Src/stm32f4xx_hal_ltdc_ex.o
LOAD .pio/build/disco_f429zi/FrameworkHALDriver/Src/stm32f4xx_hal_mmc.o
LOAD .pio/build/disco_f429zi/FrameworkHALDriver/Src/stm32f4xx_hal_nand.o
LOAD .pio/build/disco_f429zi/FrameworkHALDriver/Src/stm32f4xx_hal_nor.o
LOAD .pio/build/disco_f429zi/FrameworkHALDriver/Src/stm32f4xx_hal_pccard.o
LOAD .pio/build/disco_f429zi/FrameworkHALDriver/Src/stm32f4xx_hal_pcd.o
LOAD .pio/build/disco_f429zi/FrameworkHALDriver/Src/stm32f4xx_hal_pcd_ex.o
LOAD .pio/build/disco_f429zi/FrameworkHALDriver/Src/stm32f4xx_hal_pwr.o
LOAD .pio/build/disco_f429zi/FrameworkHALDriver/Src/stm32f4xx_hal_pwr_ex.o
LOAD .pio/build/disco_f429zi/FrameworkHALDriver/Src/stm32f4xx_hal_qspi.o
LOAD .pio/build/disco_f429zi/FrameworkHALDriver/Src/stm32f4xx_hal_rcc.o
LOAD .pio/build/disco_f429zi/FrameworkHALDriver/Src/stm32f4xx_hal_rcc_ex.o
LOAD .pio/build/disco_f429zi/FrameworkHALDriver/Src/stm32f4xx_hal_rng.o
LOAD .pio/build/disco_f429zi/FrameworkHALDriver/Src/stm32f4xx_hal_rtc.o
LOAD .pio/build/disco_f429zi/FrameworkHALDriver/Src/stm32f4xx_hal_rtc_ex.o
LOAD .pio/build/disco_f429zi/FrameworkHALDriver/Src/stm32f4xx_hal_sai.o
LOAD .pio/build/disco_f429zi/FrameworkHALDriver/Src/stm32f4xx_hal_sai_ex.o
LOAD .pio/build/disco_f429zi/FrameworkHALDriver/Src/stm32f4xx_hal_sd.o
LOAD .pio/build/disco_f429zi/FrameworkHALDriver/Src/stm32f4xx_hal_sdram.o
LOAD .pio/build/disco_f429zi/FrameworkHALDriver/Src/stm32f4xx_hal_smartcard.o
LOAD .pio/build/disco_f429zi/FrameworkHALDriver/Src/stm32f4xx_hal_smbus.o
LOAD .pio/build/disco_f429zi/FrameworkHALDriver/Src/stm32f4xx_hal_spdifrx.o
LOAD .pio/build/disco_f429zi/FrameworkHALDriver/Src/stm32f4xx_hal_spi.o
LOAD .pio/build/disco_f429zi/FrameworkHALDriver/Src/stm32f4xx_hal_sram.o
LOAD .pio/build/disco_f429zi/FrameworkHALDriver/Src/stm32f4xx_hal_tim.o
LOAD .pio/build/disco_f429zi/FrameworkHALDriver/Src/stm32f4xx_hal_tim_ex.o
LOAD .pio/build/disco_f429zi/FrameworkHALDriver/Src/stm32f4xx_hal_uart.o
LOAD .pio/build/disco_f429zi/FrameworkHALDriver/Src/stm32f4xx_hal_usart.o
LOAD .pio/build/disco_f429zi/FrameworkHALDriver/Src/stm32f4xx_hal_wwdg.o
LOAD .pio/build/disco_f429zi/FrameworkHALDriver/Src/stm32f4xx_ll_adc.o
LOAD .pio/build/disco_f429zi/FrameworkHALDriver/Src/stm32f4xx_ll_crc.o
LOAD .pio/build/disco_f429zi/FrameworkHALDriver/Src/stm32f4xx_ll_dac.o
LOAD .pio/build/disco_f429zi/FrameworkHALDriver/Src/stm32f4xx_ll_dma.o
LOAD .pio/build/disco_f429zi/FrameworkHALDriver/Src/stm32f4xx_ll_dma2d.o
LOAD .pio/build/disco_f429zi/FrameworkHALDriver/Src/stm32f4xx_ll_exti.o
LOAD .pio/build/disco_f429zi/FrameworkHALDriver/Src/stm32f4xx_ll_fmc.o
LOAD .pio/build/disco_f429zi/FrameworkHALDriver/Src/stm32f4xx_ll_fmpi2c.o
LOAD .pio/build/disco_f429zi/FrameworkHALDriver/Src/stm32f4xx_ll_fsmc.o
LOAD .pio/build/disco_f429zi/FrameworkHALDriver/Src/stm32f4xx_ll_gpio.o
LOAD .pio/build/disco_f429zi/FrameworkHALDriver/Src/stm32f4xx_ll_i2c.o
LOAD .pio/build/disco_f429zi/FrameworkHALDriver/Src/stm32f4xx_ll_lptim.o
LOAD .pio/build/disco_f429zi/FrameworkHALDriver/Src/stm32f4xx_ll_pwr.o
LOAD .pio/build/disco_f429zi/FrameworkHALDriver/Src/stm32f4xx_ll_rcc.o
LOAD .pio/build/disco_f429zi/FrameworkHALDriver/Src/stm32f4xx_ll_rng.o
LOAD .pio/build/disco_f429zi/FrameworkHALDriver/Src/stm32f4xx_ll_rtc.o
LOAD .pio/build/disco_f429zi/FrameworkHALDriver/Src/stm32f4xx_ll_sdmmc.o
LOAD .pio/build/disco_f429zi/FrameworkHALDriver/Src/stm32f4xx_ll_spi.o
LOAD .pio/build/disco_f429zi/FrameworkHALDriver/Src/stm32f4xx_ll_tim.o
LOAD .pio/build/disco_f429zi/FrameworkHALDriver/Src/stm32f4xx_ll_usart.o
LOAD .pio/build/disco_f429zi/FrameworkHALDriver/Src/stm32f4xx_ll_usb.o
LOAD .pio/build/disco_f429zi/FrameworkHALDriver/Src/stm32f4xx_ll_utils.o
LOAD .pio/build/disco_f429zi/src/HUB75ELib.o
LOAD .pio/build/disco_f429zi/src/HUB75E_Hal.o
LOAD .pio/build/disco_f429zi/src/LcdDisplay.o
LOAD .pio/build/disco_f429zi/src/console.o
LOAD .pio/build/disco_f429zi/src/consoleCommands.o
LOAD .pio/build/disco_f429zi/src/consoleIo.o
LOAD .pio/build/disco_f429zi/src/dwt_delay.o
LOAD .pio/build/disco_f429zi/src/game.o
LOAD .pio/build/disco_f429zi/src/gyro_util.o
LOAD .pio/build/disco_f429zi/src/main.o
LOAD .pio/build/disco_f429zi/src/matrix_util.o
START GROUP
LOAD .pio/build/disco_f429zi/lib568/libFonts.a
LOAD .pio/build/disco_f429zi/lib9ed/libili9341.a
LOAD .pio/build/disco_f429zi/lib292/libSTM32F429I-Discovery.a
LOAD .pio/build/disco_f429zi/lib191/libi3g4250d.a
LOAD /Users/tonyhabib/.platformio/packages/toolchain-gccarmnoneeabi/bin/../lib/gcc/arm-none-eabi/7.2.1/../../../../arm-none-eabi/lib/thumb/v7e-m/libc_nano.a
LOAD /Users/tonyhabib/.platformio/packages/toolchain-gccarmnoneeabi/bin/../lib/gcc/arm-none-eabi/7.2.1/thumb/v7e-m/libgcc.a
LOAD /Users/tonyhabib/.platformio/packages/toolchain-gccarmnoneeabi/bin/../lib/gcc/arm-none-eabi/7.2.1/../../../../arm-none-eabi/lib/thumb/v7e-m/libm.a
LOAD /Users/tonyhabib/.platformio/packages/toolchain-gccarmnoneeabi/bin/../lib/gcc/arm-none-eabi/7.2.1/../../../../arm-none-eabi/lib/thumb/v7e-m/libstdc++_nano.a
LOAD /Users/tonyhabib/.platformio/packages/toolchain-gccarmnoneeabi/bin/../lib/gcc/arm-none-eabi/7.2.1/../../../../arm-none-eabi/lib/thumb/v7e-m/libnosys.a
LOAD .pio/build/disco_f429zi/libFrameworkCMSISDevice.a
END GROUP
START GROUP
LOAD /Users/tonyhabib/.platformio/packages/toolchain-gccarmnoneeabi/bin/../lib/gcc/arm-none-eabi/7.2.1/thumb/v7e-m/libgcc.a
LOAD /Users/tonyhabib/.platformio/packages/toolchain-gccarmnoneeabi/bin/../lib/gcc/arm-none-eabi/7.2.1/../../../../arm-none-eabi/lib/thumb/v7e-m/libc_nano.a
END GROUP
START GROUP
LOAD /Users/tonyhabib/.platformio/packages/toolchain-gccarmnoneeabi/bin/../lib/gcc/arm-none-eabi/7.2.1/thumb/v7e-m/libgcc.a
LOAD /Users/tonyhabib/.platformio/packages/toolchain-gccarmnoneeabi/bin/../lib/gcc/arm-none-eabi/7.2.1/../../../../arm-none-eabi/lib/thumb/v7e-m/libc_nano.a
LOAD /Users/tonyhabib/.platformio/packages/toolchain-gccarmnoneeabi/bin/../lib/gcc/arm-none-eabi/7.2.1/../../../../arm-none-eabi/lib/thumb/v7e-m/libnosys.a
END GROUP
START GROUP
LOAD /Users/tonyhabib/.platformio/packages/toolchain-gccarmnoneeabi/bin/../lib/gcc/arm-none-eabi/7.2.1/thumb/v7e-m/libgcc.a
LOAD /Users/tonyhabib/.platformio/packages/toolchain-gccarmnoneeabi/bin/../lib/gcc/arm-none-eabi/7.2.1/../../../../arm-none-eabi/lib/thumb/v7e-m/libc_nano.a
LOAD /Users/tonyhabib/.platformio/packages/toolchain-gccarmnoneeabi/bin/../lib/gcc/arm-none-eabi/7.2.1/../../../../arm-none-eabi/lib/thumb/v7e-m/libnosys.a
END GROUP
LOAD /Users/tonyhabib/.platformio/packages/toolchain-gccarmnoneeabi/bin/../lib/gcc/arm-none-eabi/7.2.1/thumb/v7e-m/crtend.o
LOAD /Users/tonyhabib/.platformio/packages/toolchain-gccarmnoneeabi/bin/../lib/gcc/arm-none-eabi/7.2.1/thumb/v7e-m/crtn.o
                0x0000000020030000                _estack = (ORIGIN (RAM) + LENGTH (RAM))
                0x0000000000000200                _Min_Heap_Size = 0x200
                0x0000000000000400                _Min_Stack_Size = 0x400

.isr_vector     0x0000000008000000      0x1ac
                0x0000000008000000                . = ALIGN (0x4)
 *(.isr_vector)
 .isr_vector    0x0000000008000000      0x1ac .pio/build/disco_f429zi/libFrameworkCMSISDevice.a(startup_stm32f429xx.o)
                0x0000000008000000                g_pfnVectors
                0x00000000080001ac                . = ALIGN (0x4)

.text           0x00000000080001b0     0x6264
                0x00000000080001b0                . = ALIGN (0x4)
 *(.text)
 .text          0x00000000080001b0       0x40 /Users/tonyhabib/.platformio/packages/toolchain-gccarmnoneeabi/bin/../lib/gcc/arm-none-eabi/7.2.1/thumb/v7e-m/crtbegin.o
 .text          0x00000000080001f0       0xa0 /Users/tonyhabib/.platformio/packages/toolchain-gccarmnoneeabi/bin/../lib/gcc/arm-none-eabi/7.2.1/../../../../arm-none-eabi/lib/thumb/v7e-m/libc_nano.a(lib_a-memchr.o)
                0x00000000080001f0                memchr
 .text          0x0000000008000290      0x378 /Users/tonyhabib/.platformio/packages/toolchain-gccarmnoneeabi/bin/../lib/gcc/arm-none-eabi/7.2.1/thumb/v7e-m/libgcc.a(_arm_addsubdf3.o)
                0x0000000008000290                __aeabi_drsub
                0x0000000008000298                __subdf3
                0x0000000008000298                __aeabi_dsub
                0x000000000800029c                __aeabi_dadd
                0x000000000800029c                __adddf3
                0x0000000008000514                __aeabi_ui2d
                0x0000000008000514                __floatunsidf
                0x0000000008000534                __floatsidf
                0x0000000008000534                __aeabi_i2d
                0x0000000008000558                __extendsfdf2
                0x0000000008000558                __aeabi_f2d
                0x000000000800059c                __aeabi_ul2d
                0x000000000800059c                __floatundidf
                0x00000000080005ac                __aeabi_l2d
                0x00000000080005ac                __floatdidf
 .text          0x0000000008000608      0x21c /Users/tonyhabib/.platformio/packages/toolchain-gccarmnoneeabi/bin/../lib/gcc/arm-none-eabi/7.2.1/thumb/v7e-m/libgcc.a(_arm_addsubsf3.o)
                0x0000000008000608                __aeabi_frsub
                0x0000000008000610                __aeabi_fsub
                0x0000000008000610                __subsf3
                0x0000000008000614                __aeabi_fadd
                0x0000000008000614                __addsf3
                0x0000000008000774                __aeabi_ui2f
                0x0000000008000774                __floatunsisf
                0x000000000800077c                __floatsisf
                0x000000000800077c                __aeabi_i2f
                0x0000000008000798                __aeabi_ul2f
                0x0000000008000798                __floatundisf
                0x00000000080007a8                __aeabi_l2f
                0x00000000080007a8                __floatdisf
 .text          0x0000000008000824      0x2a0 /Users/tonyhabib/.platformio/packages/toolchain-gccarmnoneeabi/bin/../lib/gcc/arm-none-eabi/7.2.1/thumb/v7e-m/libgcc.a(_arm_muldivsf3.o)
                0x0000000008000824                __mulsf3
                0x0000000008000824                __aeabi_fmul
                0x000000000800098c                __divsf3
                0x000000000800098c                __aeabi_fdiv
 .text          0x0000000008000ac4       0xec /Users/tonyhabib/.platformio/packages/toolchain-gccarmnoneeabi/bin/../lib/gcc/arm-none-eabi/7.2.1/thumb/v7e-m/libgcc.a(_arm_cmpsf2.o)
                0x0000000008000ac4                __gesf2
                0x0000000008000ac4                __gtsf2
                0x0000000008000acc                __ltsf2
                0x0000000008000acc                __lesf2
                0x0000000008000ad4                __nesf2
                0x0000000008000ad4                __eqsf2
                0x0000000008000ad4                __cmpsf2
                0x0000000008000b34                __aeabi_cfrcmple
                0x0000000008000b3c                __aeabi_cfcmpeq
                0x0000000008000b3c                __aeabi_cfcmple
                0x0000000008000b4c                __aeabi_fcmpeq
                0x0000000008000b60                __aeabi_fcmplt
                0x0000000008000b74                __aeabi_fcmple
                0x0000000008000b88                __aeabi_fcmpge
                0x0000000008000b9c                __aeabi_fcmpgt
 .text          0x0000000008000bb0       0x4c /Users/tonyhabib/.platformio/packages/toolchain-gccarmnoneeabi/bin/../lib/gcc/arm-none-eabi/7.2.1/thumb/v7e-m/libgcc.a(_arm_fixsfsi.o)
                0x0000000008000bb0                __fixsfsi
                0x0000000008000bb0                __aeabi_f2iz
 .text          0x0000000008000bfc       0x30 /Users/tonyhabib/.platformio/packages/toolchain-gccarmnoneeabi/bin/../lib/gcc/arm-none-eabi/7.2.1/thumb/v7e-m/libgcc.a(_aeabi_uldivmod.o)
                0x0000000008000bfc                __aeabi_uldivmod
 .text          0x0000000008000c2c      0x2cc /Users/tonyhabib/.platformio/packages/toolchain-gccarmnoneeabi/bin/../lib/gcc/arm-none-eabi/7.2.1/thumb/v7e-m/libgcc.a(_udivmoddi4.o)
                0x0000000008000c2c                __udivmoddi4
 .text          0x0000000008000ef8        0x4 /Users/tonyhabib/.platformio/packages/toolchain-gccarmnoneeabi/bin/../lib/gcc/arm-none-eabi/7.2.1/thumb/v7e-m/libgcc.a(_dvmd_tls.o)
                0x0000000008000ef8                __aeabi_ldiv0
                0x0000000008000ef8                __aeabi_idiv0
 *(.text*)
 .text.HAL_MspInit
                0x0000000008000efc        0x2 .pio/build/disco_f429zi/FrameworkHALDriver/Src/stm32f4xx_hal.o
                0x0000000008000efc                HAL_MspInit
 *fill*         0x0000000008000efe        0x2 
 .text.HAL_InitTick
                0x0000000008000f00       0x48 .pio/build/disco_f429zi/FrameworkHALDriver/Src/stm32f4xx_hal.o
                0x0000000008000f00                HAL_InitTick
 .text.HAL_Init
                0x0000000008000f48       0x34 .pio/build/disco_f429zi/FrameworkHALDriver/Src/stm32f4xx_hal.o
                0x0000000008000f48                HAL_Init
 .text.HAL_IncTick
                0x0000000008000f7c       0x18 .pio/build/disco_f429zi/FrameworkHALDriver/Src/stm32f4xx_hal.o
                0x0000000008000f7c                HAL_IncTick
 .text.HAL_GetTick
                0x0000000008000f94        0xc .pio/build/disco_f429zi/FrameworkHALDriver/Src/stm32f4xx_hal.o
                0x0000000008000f94                HAL_GetTick
 .text.HAL_Delay
                0x0000000008000fa0       0x28 .pio/build/disco_f429zi/FrameworkHALDriver/Src/stm32f4xx_hal.o
                0x0000000008000fa0                HAL_Delay
 .text.HAL_NVIC_SetPriorityGrouping
                0x0000000008000fc8       0x24 .pio/build/disco_f429zi/FrameworkHALDriver/Src/stm32f4xx_hal_cortex.o
                0x0000000008000fc8                HAL_NVIC_SetPriorityGrouping
 .text.HAL_NVIC_SetPriority
                0x0000000008000fec       0x68 .pio/build/disco_f429zi/FrameworkHALDriver/Src/stm32f4xx_hal_cortex.o
                0x0000000008000fec                HAL_NVIC_SetPriority
 .text.HAL_NVIC_EnableIRQ
                0x0000000008001054       0x1c .pio/build/disco_f429zi/FrameworkHALDriver/Src/stm32f4xx_hal_cortex.o
                0x0000000008001054                HAL_NVIC_EnableIRQ
 .text.HAL_SYSTICK_Config
                0x0000000008001070       0x2c .pio/build/disco_f429zi/FrameworkHALDriver/Src/stm32f4xx_hal_cortex.o
                0x0000000008001070                HAL_SYSTICK_Config
 .text.DMA_CalcBaseAndBitshift
                0x000000000800109c       0x2c .pio/build/disco_f429zi/FrameworkHALDriver/Src/stm32f4xx_hal_dma.o
 .text.HAL_DMA_Init
                0x00000000080010c8       0xfc .pio/build/disco_f429zi/FrameworkHALDriver/Src/stm32f4xx_hal_dma.o
                0x00000000080010c8                HAL_DMA_Init
 .text.HAL_DMA_DeInit
                0x00000000080011c4       0x54 .pio/build/disco_f429zi/FrameworkHALDriver/Src/stm32f4xx_hal_dma.o
                0x00000000080011c4                HAL_DMA_DeInit
 .text.DMA2D_SetConfig
                0x0000000008001218       0x84 .pio/build/disco_f429zi/FrameworkHALDriver/Src/stm32f4xx_hal_dma2d.o
 .text.HAL_DMA2D_MspInit
                0x000000000800129c        0x2 .pio/build/disco_f429zi/FrameworkHALDriver/Src/stm32f4xx_hal_dma2d.o
                0x000000000800129c                HAL_DMA2D_MspInit
 .text.HAL_DMA2D_Init
                0x000000000800129e       0x58 .pio/build/disco_f429zi/FrameworkHALDriver/Src/stm32f4xx_hal_dma2d.o
                0x000000000800129e                HAL_DMA2D_Init
 .text.HAL_DMA2D_Start
                0x00000000080012f6       0x34 .pio/build/disco_f429zi/FrameworkHALDriver/Src/stm32f4xx_hal_dma2d.o
                0x00000000080012f6                HAL_DMA2D_Start
 .text.HAL_DMA2D_PollForTransfer
                0x000000000800132a      0x102 .pio/build/disco_f429zi/FrameworkHALDriver/Src/stm32f4xx_hal_dma2d.o
                0x000000000800132a                HAL_DMA2D_PollForTransfer
 .text.HAL_DMA2D_ConfigLayer
                0x000000000800142c       0x94 .pio/build/disco_f429zi/FrameworkHALDriver/Src/stm32f4xx_hal_dma2d.o
                0x000000000800142c                HAL_DMA2D_ConfigLayer
 .text.HAL_GPIO_Init
                0x00000000080014c0      0x1ec .pio/build/disco_f429zi/FrameworkHALDriver/Src/stm32f4xx_hal_gpio.o
                0x00000000080014c0                HAL_GPIO_Init
 .text.HAL_GPIO_WritePin
                0x00000000080016ac        0xa .pio/build/disco_f429zi/FrameworkHALDriver/Src/stm32f4xx_hal_gpio.o
                0x00000000080016ac                HAL_GPIO_WritePin
 .text.HAL_GPIO_TogglePin
                0x00000000080016b6       0x12 .pio/build/disco_f429zi/FrameworkHALDriver/Src/stm32f4xx_hal_gpio.o
                0x00000000080016b6                HAL_GPIO_TogglePin
 .text.HAL_GPIO_EXTI_IRQHandler
                0x00000000080016c8       0x18 .pio/build/disco_f429zi/FrameworkHALDriver/Src/stm32f4xx_hal_gpio.o
                0x00000000080016c8                HAL_GPIO_EXTI_IRQHandler
 .text.LTDC_SetConfig
                0x00000000080016e0      0x10c .pio/build/disco_f429zi/FrameworkHALDriver/Src/stm32f4xx_hal_ltdc.o
 .text.HAL_LTDC_MspInit
                0x00000000080017ec        0x2 .pio/build/disco_f429zi/FrameworkHALDriver/Src/stm32f4xx_hal_ltdc.o
                0x00000000080017ec                HAL_LTDC_MspInit
 *fill*         0x00000000080017ee        0x2 
 .text.HAL_LTDC_Init
                0x00000000080017f0       0xd8 .pio/build/disco_f429zi/FrameworkHALDriver/Src/stm32f4xx_hal_ltdc.o
                0x00000000080017f0                HAL_LTDC_Init
 .text.HAL_LTDC_ConfigLayer
                0x00000000080018c8       0x52 .pio/build/disco_f429zi/FrameworkHALDriver/Src/stm32f4xx_hal_ltdc.o
                0x00000000080018c8                HAL_LTDC_ConfigLayer
 *fill*         0x000000000800191a        0x2 
 .text.HAL_LTDC_EnableDither
                0x000000000800191c       0x30 .pio/build/disco_f429zi/FrameworkHALDriver/Src/stm32f4xx_hal_ltdc.o
                0x000000000800191c                HAL_LTDC_EnableDither
 .text.HAL_PWREx_EnableOverDrive
                0x000000000800194c       0x78 .pio/build/disco_f429zi/FrameworkHALDriver/Src/stm32f4xx_hal_pwr_ex.o
                0x000000000800194c                HAL_PWREx_EnableOverDrive
 .text.HAL_RCC_OscConfig
                0x00000000080019c4      0x358 .pio/build/disco_f429zi/FrameworkHALDriver/Src/stm32f4xx_hal_rcc.o
                0x00000000080019c4                HAL_RCC_OscConfig
 .text.HAL_RCC_GetSysClockFreq
                0x0000000008001d1c       0x5c .pio/build/disco_f429zi/FrameworkHALDriver/Src/stm32f4xx_hal_rcc.o
                0x0000000008001d1c                HAL_RCC_GetSysClockFreq
 .text.HAL_RCC_ClockConfig
                0x0000000008001d78      0x134 .pio/build/disco_f429zi/FrameworkHALDriver/Src/stm32f4xx_hal_rcc.o
                0x0000000008001d78                HAL_RCC_ClockConfig
 .text.HAL_RCC_GetPCLK1Freq
                0x0000000008001eac       0x20 .pio/build/disco_f429zi/FrameworkHALDriver/Src/stm32f4xx_hal_rcc.o
                0x0000000008001eac                HAL_RCC_GetPCLK1Freq
 .text.HAL_RCC_GetPCLK2Freq
                0x0000000008001ecc       0x20 .pio/build/disco_f429zi/FrameworkHALDriver/Src/stm32f4xx_hal_rcc.o
                0x0000000008001ecc                HAL_RCC_GetPCLK2Freq
 .text.HAL_RCCEx_PeriphCLKConfig
                0x0000000008001eec      0x254 .pio/build/disco_f429zi/FrameworkHALDriver/Src/stm32f4xx_hal_rcc_ex.o
                0x0000000008001eec                HAL_RCCEx_PeriphCLKConfig
 .text.HAL_SDRAM_MspInit
                0x0000000008002140        0x2 .pio/build/disco_f429zi/FrameworkHALDriver/Src/stm32f4xx_hal_sdram.o
                0x0000000008002140                HAL_SDRAM_MspInit
 .text.HAL_SDRAM_Init
                0x0000000008002142       0x40 .pio/build/disco_f429zi/FrameworkHALDriver/Src/stm32f4xx_hal_sdram.o
                0x0000000008002142                HAL_SDRAM_Init
 .text.HAL_SDRAM_SendCommand
                0x0000000008002182       0x2e .pio/build/disco_f429zi/FrameworkHALDriver/Src/stm32f4xx_hal_sdram.o
                0x0000000008002182                HAL_SDRAM_SendCommand
 .text.HAL_SDRAM_ProgramRefreshRate
                0x00000000080021b0       0x24 .pio/build/disco_f429zi/FrameworkHALDriver/Src/stm32f4xx_hal_sdram.o
                0x00000000080021b0                HAL_SDRAM_ProgramRefreshRate
 .text.SPI_WaitFlagStateUntilTimeout
                0x00000000080021d4       0xb4 .pio/build/disco_f429zi/FrameworkHALDriver/Src/stm32f4xx_hal_spi.o
 .text.SPI_EndRxTxTransaction
                0x0000000008002288       0x58 .pio/build/disco_f429zi/FrameworkHALDriver/Src/stm32f4xx_hal_spi.o
 .text.SPI_EndRxTransaction
                0x00000000080022e0       0x5c .pio/build/disco_f429zi/FrameworkHALDriver/Src/stm32f4xx_hal_spi.o
 .text.HAL_SPI_MspInit
                0x000000000800233c        0x2 .pio/build/disco_f429zi/FrameworkHALDriver/Src/stm32f4xx_hal_spi.o
                0x000000000800233c                HAL_SPI_MspInit
 .text.HAL_SPI_Init
                0x000000000800233e       0xc2 .pio/build/disco_f429zi/FrameworkHALDriver/Src/stm32f4xx_hal_spi.o
                0x000000000800233e                HAL_SPI_Init
 .text.HAL_SPI_MspDeInit
                0x0000000008002400        0x2 .pio/build/disco_f429zi/FrameworkHALDriver/Src/stm32f4xx_hal_spi.o
                0x0000000008002400                HAL_SPI_MspDeInit
 .text.HAL_SPI_DeInit
                0x0000000008002402       0x2c .pio/build/disco_f429zi/FrameworkHALDriver/Src/stm32f4xx_hal_spi.o
                0x0000000008002402                HAL_SPI_DeInit
 .text.HAL_SPI_Transmit
                0x000000000800242e      0x17c .pio/build/disco_f429zi/FrameworkHALDriver/Src/stm32f4xx_hal_spi.o
                0x000000000800242e                HAL_SPI_Transmit
 .text.HAL_SPI_TransmitReceive
                0x00000000080025aa      0x284 .pio/build/disco_f429zi/FrameworkHALDriver/Src/stm32f4xx_hal_spi.o
                0x00000000080025aa                HAL_SPI_TransmitReceive
 .text.HAL_SPI_Receive
                0x000000000800282e      0x1d0 .pio/build/disco_f429zi/FrameworkHALDriver/Src/stm32f4xx_hal_spi.o
                0x000000000800282e                HAL_SPI_Receive
 .text.HAL_SPI_GetState
                0x00000000080029fe        0x6 .pio/build/disco_f429zi/FrameworkHALDriver/Src/stm32f4xx_hal_spi.o
                0x00000000080029fe                HAL_SPI_GetState
 .text.HAL_TIM_Base_Start_IT
                0x0000000008002a04       0x74 .pio/build/disco_f429zi/FrameworkHALDriver/Src/stm32f4xx_hal_tim.o
                0x0000000008002a04                HAL_TIM_Base_Start_IT
 .text.HAL_TIM_Base_Stop_IT
                0x0000000008002a78       0x30 .pio/build/disco_f429zi/FrameworkHALDriver/Src/stm32f4xx_hal_tim.o
                0x0000000008002a78                HAL_TIM_Base_Stop_IT
 .text.HAL_TIM_OC_DelayElapsedCallback
                0x0000000008002aa8        0x2 .pio/build/disco_f429zi/FrameworkHALDriver/Src/stm32f4xx_hal_tim.o
                0x0000000008002aa8                HAL_TIM_OC_DelayElapsedCallback
 .text.HAL_TIM_IC_CaptureCallback
                0x0000000008002aaa        0x2 .pio/build/disco_f429zi/FrameworkHALDriver/Src/stm32f4xx_hal_tim.o
                0x0000000008002aaa                HAL_TIM_IC_CaptureCallback
 .text.HAL_TIM_PWM_PulseFinishedCallback
                0x0000000008002aac        0x2 .pio/build/disco_f429zi/FrameworkHALDriver/Src/stm32f4xx_hal_tim.o
                0x0000000008002aac                HAL_TIM_PWM_PulseFinishedCallback
 .text.HAL_TIM_TriggerCallback
                0x0000000008002aae        0x2 .pio/build/disco_f429zi/FrameworkHALDriver/Src/stm32f4xx_hal_tim.o
                0x0000000008002aae                HAL_TIM_TriggerCallback
 .text.HAL_TIM_IRQHandler
                0x0000000008002ab0      0x144 .pio/build/disco_f429zi/FrameworkHALDriver/Src/stm32f4xx_hal_tim.o
                0x0000000008002ab0                HAL_TIM_IRQHandler
 .text.TIM_Base_SetConfig
                0x0000000008002bf4       0xcc .pio/build/disco_f429zi/FrameworkHALDriver/Src/stm32f4xx_hal_tim.o
                0x0000000008002bf4                TIM_Base_SetConfig
 .text.HAL_TIM_Base_Init
                0x0000000008002cc0       0x58 .pio/build/disco_f429zi/FrameworkHALDriver/Src/stm32f4xx_hal_tim.o
                0x0000000008002cc0                HAL_TIM_Base_Init
 .text.HAL_TIMEx_CommutCallback
                0x0000000008002d18        0x2 .pio/build/disco_f429zi/FrameworkHALDriver/Src/stm32f4xx_hal_tim_ex.o
                0x0000000008002d18                HAL_TIMEx_CommutCallback
 .text.HAL_TIMEx_BreakCallback
                0x0000000008002d1a        0x2 .pio/build/disco_f429zi/FrameworkHALDriver/Src/stm32f4xx_hal_tim_ex.o
                0x0000000008002d1a                HAL_TIMEx_BreakCallback
 .text.UART_SetConfig
                0x0000000008002d1c       0xbc .pio/build/disco_f429zi/FrameworkHALDriver/Src/stm32f4xx_hal_uart.o
 .text.UART_WaitOnFlagUntilTimeout.constprop.3
                0x0000000008002dd8       0x6c .pio/build/disco_f429zi/FrameworkHALDriver/Src/stm32f4xx_hal_uart.o
 .text.HAL_UART_Init
                0x0000000008002e44       0x5c .pio/build/disco_f429zi/FrameworkHALDriver/Src/stm32f4xx_hal_uart.o
                0x0000000008002e44                HAL_UART_Init
 .text.HAL_UART_Transmit
                0x0000000008002ea0       0xae .pio/build/disco_f429zi/FrameworkHALDriver/Src/stm32f4xx_hal_uart.o
                0x0000000008002ea0                HAL_UART_Transmit
 .text.HAL_UART_Receive
                0x0000000008002f4e       0xba .pio/build/disco_f429zi/FrameworkHALDriver/Src/stm32f4xx_hal_uart.o
                0x0000000008002f4e                HAL_UART_Receive
 .text.FMC_SDRAM_Init
                0x0000000008003008       0x6c .pio/build/disco_f429zi/FrameworkHALDriver/Src/stm32f4xx_ll_fmc.o
                0x0000000008003008                FMC_SDRAM_Init
 .text.FMC_SDRAM_Timing_Init
                0x0000000008003074       0x7a .pio/build/disco_f429zi/FrameworkHALDriver/Src/stm32f4xx_ll_fmc.o
                0x0000000008003074                FMC_SDRAM_Timing_Init
 .text.FMC_SDRAM_SendCommand
                0x00000000080030ee       0x4a .pio/build/disco_f429zi/FrameworkHALDriver/Src/stm32f4xx_ll_fmc.o
                0x00000000080030ee                FMC_SDRAM_SendCommand
 .text.FMC_SDRAM_ProgramRefreshRate
                0x0000000008003138        0xc .pio/build/disco_f429zi/FrameworkHALDriver/Src/stm32f4xx_ll_fmc.o
                0x0000000008003138                FMC_SDRAM_ProgramRefreshRate
 .text.HUB75E_Init
                0x0000000008003144       0x6a .pio/build/disco_f429zi/src/HUB75ELib.o
                0x0000000008003144                HUB75E_Init
 *fill*         0x00000000080031ae        0x2 
 .text.HUB75E_clearDisplayBuffer
                0x00000000080031b0       0x10 .pio/build/disco_f429zi/src/HUB75ELib.o
                0x00000000080031b0                HUB75E_clearDisplayBuffer
 .text.HUB75E_setDisplayBrightness
                0x00000000080031c0        0xc .pio/build/disco_f429zi/src/HUB75ELib.o
                0x00000000080031c0                HUB75E_setDisplayBrightness
 .text.HUB75E_setDisplayColor
                0x00000000080031cc        0xc .pio/build/disco_f429zi/src/HUB75ELib.o
                0x00000000080031cc                HUB75E_setDisplayColor
 .text.HUB75E_DisplayOFF
                0x00000000080031d8        0x8 .pio/build/disco_f429zi/src/HUB75ELib.o
                0x00000000080031d8                HUB75E_DisplayOFF
 .text.HUB75E_setDisplayBuffer
                0x00000000080031e0       0x1c .pio/build/disco_f429zi/src/HUB75ELib.o
                0x00000000080031e0                HUB75E_setDisplayBuffer
 .text.HUB75E_displayBufferPixels
                0x00000000080031fc      0x194 .pio/build/disco_f429zi/src/HUB75ELib.o
                0x00000000080031fc                HUB75E_displayBufferPixels
 .text.HUB75E_GPIO_Init
                0x0000000008003390      0x164 .pio/build/disco_f429zi/src/HUB75E_Hal.o
                0x0000000008003390                HUB75E_GPIO_Init
 .text.HUB75E_DelayUs
                0x00000000080034f4        0x4 .pio/build/disco_f429zi/src/HUB75E_Hal.o
                0x00000000080034f4                HUB75E_DelayUs
 .text.HUB75E_setPin
                0x00000000080034f8       0x98 .pio/build/disco_f429zi/src/HUB75E_Hal.o
                0x00000000080034f8                HUB75E_setPin
 .text.drawCircle
                0x0000000008003590       0x8c .pio/build/disco_f429zi/src/LcdDisplay.o
                0x0000000008003590                drawCircle
 .text.ConsoleInit
                0x000000000800361c       0x44 .pio/build/disco_f429zi/src/console.o
                0x000000000800361c                ConsoleInit
 .text.ConsoleProcess
                0x0000000008003660      0x160 .pio/build/disco_f429zi/src/console.o
                0x0000000008003660                ConsoleProcess
 .text.ConsoleReceiveParamInt16
                0x00000000080037c0       0x78 .pio/build/disco_f429zi/src/console.o
                0x00000000080037c0                ConsoleReceiveParamInt16
 .text.ConsoleCommandComment
                0x0000000008003838        0x4 .pio/build/disco_f429zi/src/consoleCommands.o
 .text.ConsoleCommandDebugPrint
                0x000000000800383c      0x124 .pio/build/disco_f429zi/src/consoleCommands.o
 .text.ConsoleCommandVer
                0x0000000008003960       0x24 .pio/build/disco_f429zi/src/consoleCommands.o
 .text.ConsoleCommandHelp
                0x0000000008003984       0x3c .pio/build/disco_f429zi/src/consoleCommands.o
 .text.ConsoleCommandSetDebugMode
                0x00000000080039c0       0x40 .pio/build/disco_f429zi/src/consoleCommands.o
 .text.ConsoleCommandSetGraphicsMode
                0x0000000008003a00       0x28 .pio/build/disco_f429zi/src/consoleCommands.o
 .text.ConsoleCommandCompareSequence
                0x0000000008003a28       0x48 .pio/build/disco_f429zi/src/consoleCommands.o
 .text.ConsoleCommandPlaySequence
                0x0000000008003a70       0x3c .pio/build/disco_f429zi/src/consoleCommands.o
 .text.ConsoleCommandIncrementSequence
                0x0000000008003aac       0x38 .pio/build/disco_f429zi/src/consoleCommands.o
 .text.ConsoleCommandPrintSequence
                0x0000000008003ae4       0x60 .pio/build/disco_f429zi/src/consoleCommands.o
 .text.ConsoleCommandGetRandomValue
                0x0000000008003b44       0x34 .pio/build/disco_f429zi/src/consoleCommands.o
 .text.ConsoleCommandGetGyroSample
                0x0000000008003b78       0x70 .pio/build/disco_f429zi/src/consoleCommands.o
 .text.ConsoleCommandSetGyroTolerance
                0x0000000008003be8       0x2c .pio/build/disco_f429zi/src/consoleCommands.o
 .text.ConsoleCommandGetGyroMotion
                0x0000000008003c14       0x88 .pio/build/disco_f429zi/src/consoleCommands.o
 .text.ConsoleCommandDrawGraphic
                0x0000000008003c9c       0x48 .pio/build/disco_f429zi/src/consoleCommands.o
 .text.ConsoleCommandsGetTable
                0x0000000008003ce4        0x8 .pio/build/disco_f429zi/src/consoleCommands.o
                0x0000000008003ce4                ConsoleCommandsGetTable
 .text.ConsoleIoInit
                0x0000000008003cec       0x34 .pio/build/disco_f429zi/src/consoleIo.o
                0x0000000008003cec                ConsoleIoInit
 .text.ConsoleIoReceive
                0x0000000008003d20       0x48 .pio/build/disco_f429zi/src/consoleIo.o
                0x0000000008003d20                ConsoleIoReceive
 .text.ConsoleIoSendString
                0x0000000008003d68       0x20 .pio/build/disco_f429zi/src/consoleIo.o
                0x0000000008003d68                ConsoleIoSendString
 .text.HAL_UART_MspInit
                0x0000000008003d88       0x7c .pio/build/disco_f429zi/src/consoleIo.o
                0x0000000008003d88                HAL_UART_MspInit
 .text.DWT_Delay
                0x0000000008003e04       0x28 .pio/build/disco_f429zi/src/dwt_delay.o
                0x0000000008003e04                DWT_Delay
 .text.titleScreen
                0x0000000008003e2c       0x44 .pio/build/disco_f429zi/src/game.o
                0x0000000008003e2c                titleScreen
 .text.gameOver
                0x0000000008003e70       0x88 .pio/build/disco_f429zi/src/game.o
                0x0000000008003e70                gameOver
 .text.playSequence
                0x0000000008003ef8       0x90 .pio/build/disco_f429zi/src/game.o
                0x0000000008003ef8                playSequence
 .text.getGraphicsMode
                0x0000000008003f88        0xc .pio/build/disco_f429zi/src/game.o
                0x0000000008003f88                getGraphicsMode
 .text.setGraphicsMode
                0x0000000008003f94       0x14 .pio/build/disco_f429zi/src/game.o
                0x0000000008003f94                setGraphicsMode
 .text.getGameState
                0x0000000008003fa8        0xc .pio/build/disco_f429zi/src/game.o
                0x0000000008003fa8                getGameState
 .text.setGameState
                0x0000000008003fb4        0xc .pio/build/disco_f429zi/src/game.o
                0x0000000008003fb4                setGameState
 .text.nextGameState
                0x0000000008003fc0       0x24 .pio/build/disco_f429zi/src/game.o
                0x0000000008003fc0                nextGameState
 .text.getMatchSequence
                0x0000000008003fe4        0x8 .pio/build/disco_f429zi/src/game.o
                0x0000000008003fe4                getMatchSequence
 .text.getSequenceSize
                0x0000000008003fec        0xc .pio/build/disco_f429zi/src/game.o
                0x0000000008003fec                getSequenceSize
 .text.getRandomValue
                0x0000000008003ff8       0x88 .pio/build/disco_f429zi/src/game.o
                0x0000000008003ff8                getRandomValue
 .text.incMatchSequence
                0x0000000008004080       0x2c .pio/build/disco_f429zi/src/game.o
                0x0000000008004080                incMatchSequence
 .text.startGame
                0x00000000080040ac       0x30 .pio/build/disco_f429zi/src/game.o
                0x00000000080040ac                startGame
 .text.updateScoreDisplay
                0x00000000080040dc       0x24 .pio/build/disco_f429zi/src/game.o
                0x00000000080040dc                updateScoreDisplay
 .text.compareSequence
                0x0000000008004100       0x9c .pio/build/disco_f429zi/src/game.o
                0x0000000008004100                compareSequence
 .text.getGyroSample
                0x000000000800419c        0x4 .pio/build/disco_f429zi/src/gyro_util.o
                0x000000000800419c                getGyroSample
 .text.waitforGyroMotionDetection
                0x00000000080041a0       0xf4 .pio/build/disco_f429zi/src/gyro_util.o
                0x00000000080041a0                waitforGyroMotionDetection
 .text.setGyroMotionTolerance
                0x0000000008004294        0xc .pio/build/disco_f429zi/src/gyro_util.o
                0x0000000008004294                setGyroMotionTolerance
 .text.Gyro_Init
                0x00000000080042a0       0x1a .pio/build/disco_f429zi/src/gyro_util.o
                0x00000000080042a0                Gyro_Init
 *fill*         0x00000000080042ba        0x2 
 .text.TIM3_IRQHandler
                0x00000000080042bc        0xc .pio/build/disco_f429zi/src/gyro_util.o
                0x00000000080042bc                TIM3_IRQHandler
 .text.SysTick_Handler
                0x00000000080042c8        0x4 .pio/build/disco_f429zi/src/main.o
                0x00000000080042c8                SysTick_Handler
 .text.UserButton_Init
                0x00000000080042cc       0x40 .pio/build/disco_f429zi/src/main.o
                0x00000000080042cc                UserButton_Init
 .text.startup.main
                0x000000000800430c       0xf8 .pio/build/disco_f429zi/src/main.o
                0x000000000800430c                main
 .text.EXTI0_IRQHandler
                0x0000000008004404        0x6 .pio/build/disco_f429zi/src/main.o
                0x0000000008004404                EXTI0_IRQHandler
 .text.HAL_GPIO_EXTI_Callback
                0x000000000800440a       0x18 .pio/build/disco_f429zi/src/main.o
                0x000000000800440a                HAL_GPIO_EXTI_Callback
 .text.Error_Handler
                0x0000000008004422        0xa .pio/build/disco_f429zi/src/main.o
                0x0000000008004422                Error_Handler
 .text.HAL_TIM_Base_MspInit
                0x000000000800442c       0x58 .pio/build/disco_f429zi/src/main.o
                0x000000000800442c                HAL_TIM_Base_MspInit
 .text.HAL_TIM_PeriodElapsedCallback
                0x0000000008004484       0x48 .pio/build/disco_f429zi/src/main.o
                0x0000000008004484                HAL_TIM_PeriodElapsedCallback
 .text.fillLeftRectBuffer
                0x00000000080044cc       0x36 .pio/build/disco_f429zi/src/matrix_util.o
                0x00000000080044cc                fillLeftRectBuffer
 .text.fillRightRectBuffer
                0x0000000008004502       0x34 .pio/build/disco_f429zi/src/matrix_util.o
                0x0000000008004502                fillRightRectBuffer
 .text.fillTopRectBuffer
                0x0000000008004536       0x32 .pio/build/disco_f429zi/src/matrix_util.o
                0x0000000008004536                fillTopRectBuffer
 .text.fillBottomRectBuffer
                0x0000000008004568       0x32 .pio/build/disco_f429zi/src/matrix_util.o
                0x0000000008004568                fillBottomRectBuffer
 *fill*         0x000000000800459a        0x2 
 .text.drawGraphic
                0x000000000800459c       0x9c .pio/build/disco_f429zi/src/matrix_util.o
                0x000000000800459c                drawGraphic
 .text.TIM2_IRQHandler
                0x0000000008004638        0xc .pio/build/disco_f429zi/src/matrix_util.o
                0x0000000008004638                TIM2_IRQHandler
 .text.SPIx_Init
                0x0000000008004644       0x98 .pio/build/disco_f429zi/lib292/libSTM32F429I-Discovery.a(stm32f429i_discovery.o)
 .text.SPIx_WriteRead
                0x00000000080046dc       0x40 .pio/build/disco_f429zi/lib292/libSTM32F429I-Discovery.a(stm32f429i_discovery.o)
 .text.SPIx_Write
                0x000000000800471c       0x30 .pio/build/disco_f429zi/lib292/libSTM32F429I-Discovery.a(stm32f429i_discovery.o)
 .text.BSP_LED_Init
                0x000000000800474c       0x78 .pio/build/disco_f429zi/lib292/libSTM32F429I-Discovery.a(stm32f429i_discovery.o)
                0x000000000800474c                BSP_LED_Init
 .text.BSP_LED_On
                0x00000000080047c4       0x1c .pio/build/disco_f429zi/lib292/libSTM32F429I-Discovery.a(stm32f429i_discovery.o)
                0x00000000080047c4                BSP_LED_On
 .text.BSP_LED_Toggle
                0x00000000080047e0       0x18 .pio/build/disco_f429zi/lib292/libSTM32F429I-Discovery.a(stm32f429i_discovery.o)
                0x00000000080047e0                BSP_LED_Toggle
 .text.LCD_IO_Init
                0x00000000080047f8       0xb8 .pio/build/disco_f429zi/lib292/libSTM32F429I-Discovery.a(stm32f429i_discovery.o)
                0x00000000080047f8                LCD_IO_Init
 .text.LCD_IO_WriteData
                0x00000000080048b0       0x38 .pio/build/disco_f429zi/lib292/libSTM32F429I-Discovery.a(stm32f429i_discovery.o)
                0x00000000080048b0                LCD_IO_WriteData
 .text.LCD_IO_WriteReg
                0x00000000080048e8       0x38 .pio/build/disco_f429zi/lib292/libSTM32F429I-Discovery.a(stm32f429i_discovery.o)
                0x00000000080048e8                LCD_IO_WriteReg
 .text.LCD_IO_ReadData
                0x0000000008004920       0x6c .pio/build/disco_f429zi/lib292/libSTM32F429I-Discovery.a(stm32f429i_discovery.o)
                0x0000000008004920                LCD_IO_ReadData
 .text.LCD_Delay
                0x000000000800498c        0x4 .pio/build/disco_f429zi/lib292/libSTM32F429I-Discovery.a(stm32f429i_discovery.o)
                0x000000000800498c                LCD_Delay
 .text.GYRO_IO_Init
                0x0000000008004990       0x78 .pio/build/disco_f429zi/lib292/libSTM32F429I-Discovery.a(stm32f429i_discovery.o)
                0x0000000008004990                GYRO_IO_Init
 .text.GYRO_IO_Write
                0x0000000008004a08       0x44 .pio/build/disco_f429zi/lib292/libSTM32F429I-Discovery.a(stm32f429i_discovery.o)
                0x0000000008004a08                GYRO_IO_Write
 .text.GYRO_IO_Read
                0x0000000008004a4c       0x48 .pio/build/disco_f429zi/lib292/libSTM32F429I-Discovery.a(stm32f429i_discovery.o)
                0x0000000008004a4c                GYRO_IO_Read
 .text.FillBuffer
                0x0000000008004a94       0x64 .pio/build/disco_f429zi/lib292/libSTM32F429I-Discovery.a(stm32f429i_discovery_lcd.o)
 .text.BSP_LCD_GetXSize
                0x0000000008004af8       0x10 .pio/build/disco_f429zi/lib292/libSTM32F429I-Discovery.a(stm32f429i_discovery_lcd.o)
                0x0000000008004af8                BSP_LCD_GetXSize
 .text.BSP_LCD_GetYSize
                0x0000000008004b08       0x10 .pio/build/disco_f429zi/lib292/libSTM32F429I-Discovery.a(stm32f429i_discovery_lcd.o)
                0x0000000008004b08                BSP_LCD_GetYSize
 .text.BSP_LCD_LayerDefaultInit
                0x0000000008004b18       0x7c .pio/build/disco_f429zi/lib292/libSTM32F429I-Discovery.a(stm32f429i_discovery_lcd.o)
                0x0000000008004b18                BSP_LCD_LayerDefaultInit
 .text.BSP_LCD_SelectLayer
                0x0000000008004b94        0xc .pio/build/disco_f429zi/lib292/libSTM32F429I-Discovery.a(stm32f429i_discovery_lcd.o)
                0x0000000008004b94                BSP_LCD_SelectLayer
 .text.BSP_LCD_SetTextColor
                0x0000000008004ba0       0x18 .pio/build/disco_f429zi/lib292/libSTM32F429I-Discovery.a(stm32f429i_discovery_lcd.o)
                0x0000000008004ba0                BSP_LCD_SetTextColor
 .text.BSP_LCD_SetFont
                0x0000000008004bb8       0x18 .pio/build/disco_f429zi/lib292/libSTM32F429I-Discovery.a(stm32f429i_discovery_lcd.o)
                0x0000000008004bb8                BSP_LCD_SetFont
 .text.BSP_LCD_Clear
                0x0000000008004bd0       0x3c .pio/build/disco_f429zi/lib292/libSTM32F429I-Discovery.a(stm32f429i_discovery_lcd.o)
                0x0000000008004bd0                BSP_LCD_Clear
 .text.BSP_LCD_DrawHLine
                0x0000000008004c0c       0x50 .pio/build/disco_f429zi/lib292/libSTM32F429I-Discovery.a(stm32f429i_discovery_lcd.o)
                0x0000000008004c0c                BSP_LCD_DrawHLine
 .text.BSP_LCD_FillRect
                0x0000000008004c5c       0x5c .pio/build/disco_f429zi/lib292/libSTM32F429I-Discovery.a(stm32f429i_discovery_lcd.o)
                0x0000000008004c5c                BSP_LCD_FillRect
 .text.BSP_LCD_ClearStringLine
                0x0000000008004cb8       0x54 .pio/build/disco_f429zi/lib292/libSTM32F429I-Discovery.a(stm32f429i_discovery_lcd.o)
                0x0000000008004cb8                BSP_LCD_ClearStringLine
 .text.BSP_LCD_DisplayOn
                0x0000000008004d0c       0x10 .pio/build/disco_f429zi/lib292/libSTM32F429I-Discovery.a(stm32f429i_discovery_lcd.o)
                0x0000000008004d0c                BSP_LCD_DisplayOn
 .text.BSP_LCD_MspInit
                0x0000000008004d1c      0x148 .pio/build/disco_f429zi/lib292/libSTM32F429I-Discovery.a(stm32f429i_discovery_lcd.o)
                0x0000000008004d1c                BSP_LCD_MspInit
 .text.BSP_LCD_Init
                0x0000000008004e64       0xa4 .pio/build/disco_f429zi/lib292/libSTM32F429I-Discovery.a(stm32f429i_discovery_lcd.o)
                0x0000000008004e64                BSP_LCD_Init
 .text.BSP_LCD_DrawPixel
                0x0000000008004f08       0x2c .pio/build/disco_f429zi/lib292/libSTM32F429I-Discovery.a(stm32f429i_discovery_lcd.o)
                0x0000000008004f08                BSP_LCD_DrawPixel
 .text.BSP_LCD_DisplayChar
                0x0000000008004f34       0xd0 .pio/build/disco_f429zi/lib292/libSTM32F429I-Discovery.a(stm32f429i_discovery_lcd.o)
                0x0000000008004f34                BSP_LCD_DisplayChar
 .text.BSP_LCD_DisplayStringAt
                0x0000000008005004       0xb8 .pio/build/disco_f429zi/lib292/libSTM32F429I-Discovery.a(stm32f429i_discovery_lcd.o)
                0x0000000008005004                BSP_LCD_DisplayStringAt
 .text.BSP_LCD_DisplayStringAtLine
                0x00000000080050bc       0x2c .pio/build/disco_f429zi/lib292/libSTM32F429I-Discovery.a(stm32f429i_discovery_lcd.o)
                0x00000000080050bc                BSP_LCD_DisplayStringAtLine
 .text.BSP_LCD_DrawCircle
                0x00000000080050e8      0x138 .pio/build/disco_f429zi/lib292/libSTM32F429I-Discovery.a(stm32f429i_discovery_lcd.o)
                0x00000000080050e8                BSP_LCD_DrawCircle
 .text.BSP_LCD_FillCircle
                0x0000000008005220       0xaa .pio/build/disco_f429zi/lib292/libSTM32F429I-Discovery.a(stm32f429i_discovery_lcd.o)
                0x0000000008005220                BSP_LCD_FillCircle
 *fill*         0x00000000080052ca        0x2 
 .text.BSP_SDRAM_Initialization_sequence
                0x00000000080052cc       0x94 .pio/build/disco_f429zi/lib292/libSTM32F429I-Discovery.a(stm32f429i_discovery_sdram.o)
                0x00000000080052cc                BSP_SDRAM_Initialization_sequence
 .text.BSP_SDRAM_MspInit
                0x0000000008005360      0x190 .pio/build/disco_f429zi/lib292/libSTM32F429I-Discovery.a(stm32f429i_discovery_sdram.o)
                0x0000000008005360                BSP_SDRAM_MspInit
 .text.BSP_SDRAM_Init
                0x00000000080054f0       0x7c .pio/build/disco_f429zi/lib292/libSTM32F429I-Discovery.a(stm32f429i_discovery_sdram.o)
                0x00000000080054f0                BSP_SDRAM_Init
 .text.I3G4250D_Init
                0x000000000800556c       0x32 .pio/build/disco_f429zi/lib191/libi3g4250d.a(i3g4250d.o)
                0x000000000800556c                I3G4250D_Init
 .text.I3G4250D_FilterConfig
                0x000000000800559e       0x2e .pio/build/disco_f429zi/lib191/libi3g4250d.a(i3g4250d.o)
                0x000000000800559e                I3G4250D_FilterConfig
 .text.I3G4250D_FilterCmd
                0x00000000080055cc       0x2e .pio/build/disco_f429zi/lib191/libi3g4250d.a(i3g4250d.o)
                0x00000000080055cc                I3G4250D_FilterCmd
 *fill*         0x00000000080055fa        0x2 
 .text.I3G4250D_ReadXYZAngRate
                0x00000000080055fc       0xd4 .pio/build/disco_f429zi/lib191/libi3g4250d.a(i3g4250d.o)
                0x00000000080055fc                I3G4250D_ReadXYZAngRate
 .text.atoi     0x00000000080056d0        0x8 /Users/tonyhabib/.platformio/packages/toolchain-gccarmnoneeabi/bin/../lib/gcc/arm-none-eabi/7.2.1/../../../../arm-none-eabi/lib/thumb/v7e-m/libc_nano.a(lib_a-atoi.o)
                0x00000000080056d0                atoi
 .text.__libc_init_array
                0x00000000080056d8       0x48 /Users/tonyhabib/.platformio/packages/toolchain-gccarmnoneeabi/bin/../lib/gcc/arm-none-eabi/7.2.1/../../../../arm-none-eabi/lib/thumb/v7e-m/libc_nano.a(lib_a-init.o)
                0x00000000080056d8                __libc_init_array
 .text.malloc   0x0000000008005720       0x10 /Users/tonyhabib/.platformio/packages/toolchain-gccarmnoneeabi/bin/../lib/gcc/arm-none-eabi/7.2.1/../../../../arm-none-eabi/lib/thumb/v7e-m/libc_nano.a(lib_a-malloc.o)
                0x0000000008005720                malloc
 .text.memcpy   0x0000000008005730       0x16 /Users/tonyhabib/.platformio/packages/toolchain-gccarmnoneeabi/bin/../lib/gcc/arm-none-eabi/7.2.1/../../../../arm-none-eabi/lib/thumb/v7e-m/libc_nano.a(lib_a-memcpy-stub.o)
                0x0000000008005730                memcpy
 .text.memset   0x0000000008005746       0x10 /Users/tonyhabib/.platformio/packages/toolchain-gccarmnoneeabi/bin/../lib/gcc/arm-none-eabi/7.2.1/../../../../arm-none-eabi/lib/thumb/v7e-m/libc_nano.a(lib_a-memset.o)
                0x0000000008005746                memset
 *fill*         0x0000000008005756        0x2 
 .text._free_r  0x0000000008005758       0x9c /Users/tonyhabib/.platformio/packages/toolchain-gccarmnoneeabi/bin/../lib/gcc/arm-none-eabi/7.2.1/../../../../arm-none-eabi/lib/thumb/v7e-m/libc_nano.a(lib_a-nano-freer.o)
                0x0000000008005758                _free_r
 .text._malloc_r
                0x00000000080057f4       0xb4 /Users/tonyhabib/.platformio/packages/toolchain-gccarmnoneeabi/bin/../lib/gcc/arm-none-eabi/7.2.1/../../../../arm-none-eabi/lib/thumb/v7e-m/libc_nano.a(lib_a-nano-mallocr.o)
                0x00000000080057f4                _malloc_r
 .text._sbrk_r  0x00000000080058a8       0x20 /Users/tonyhabib/.platformio/packages/toolchain-gccarmnoneeabi/bin/../lib/gcc/arm-none-eabi/7.2.1/../../../../arm-none-eabi/lib/thumb/v7e-m/libc_nano.a(lib_a-sbrkr.o)
                0x00000000080058a8                _sbrk_r
 .text.sprintf  0x00000000080058c8       0x40 /Users/tonyhabib/.platformio/packages/toolchain-gccarmnoneeabi/bin/../lib/gcc/arm-none-eabi/7.2.1/../../../../arm-none-eabi/lib/thumb/v7e-m/libc_nano.a(lib_a-sprintf.o)
                0x00000000080058c8                sprintf
                0x00000000080058c8                siprintf
 .text.strcat   0x0000000008005908       0x1e /Users/tonyhabib/.platformio/packages/toolchain-gccarmnoneeabi/bin/../lib/gcc/arm-none-eabi/7.2.1/../../../../arm-none-eabi/lib/thumb/v7e-m/libc_nano.a(lib_a-strcat.o)
                0x0000000008005908                strcat
 .text._strtol_l.isra.0
                0x0000000008005926       0xf6 /Users/tonyhabib/.platformio/packages/toolchain-gccarmnoneeabi/bin/../lib/gcc/arm-none-eabi/7.2.1/../../../../arm-none-eabi/lib/thumb/v7e-m/libc_nano.a(lib_a-strtol.o)
 .text.strtol   0x0000000008005a1c       0x2c /Users/tonyhabib/.platformio/packages/toolchain-gccarmnoneeabi/bin/../lib/gcc/arm-none-eabi/7.2.1/../../../../arm-none-eabi/lib/thumb/v7e-m/libc_nano.a(lib_a-strtol.o)
                0x0000000008005a1c                strtol
 .text.__locale_ctype_ptr_l
                0x0000000008005a48        0x6 /Users/tonyhabib/.platformio/packages/toolchain-gccarmnoneeabi/bin/../lib/gcc/arm-none-eabi/7.2.1/../../../../arm-none-eabi/lib/thumb/v7e-m/libc_nano.a(lib_a-locale.o)
                0x0000000008005a48                __locale_ctype_ptr_l
 .text.__ascii_mbtowc
                0x0000000008005a4e       0x24 /Users/tonyhabib/.platformio/packages/toolchain-gccarmnoneeabi/bin/../lib/gcc/arm-none-eabi/7.2.1/../../../../arm-none-eabi/lib/thumb/v7e-m/libc_nano.a(lib_a-mbtowc_r.o)
                0x0000000008005a4e                __ascii_mbtowc
 .text.__malloc_lock
                0x0000000008005a72        0x2 /Users/tonyhabib/.platformio/packages/toolchain-gccarmnoneeabi/bin/../lib/gcc/arm-none-eabi/7.2.1/../../../../arm-none-eabi/lib/thumb/v7e-m/libc_nano.a(lib_a-mlock.o)
                0x0000000008005a72                __malloc_lock
 .text.__malloc_unlock
                0x0000000008005a74        0x2 /Users/tonyhabib/.platformio/packages/toolchain-gccarmnoneeabi/bin/../lib/gcc/arm-none-eabi/7.2.1/../../../../arm-none-eabi/lib/thumb/v7e-m/libc_nano.a(lib_a-mlock.o)
                0x0000000008005a74                __malloc_unlock
 .text.__ssputs_r
                0x0000000008005a76       0xb4 /Users/tonyhabib/.platformio/packages/toolchain-gccarmnoneeabi/bin/../lib/gcc/arm-none-eabi/7.2.1/../../../../arm-none-eabi/lib/thumb/v7e-m/libc_nano.a(lib_a-nano-svfprintf.o)
                0x0000000008005a76                __ssputs_r
 *fill*         0x0000000008005b2a        0x2 
 .text._svfprintf_r
                0x0000000008005b2c      0x1ec /Users/tonyhabib/.platformio/packages/toolchain-gccarmnoneeabi/bin/../lib/gcc/arm-none-eabi/7.2.1/../../../../arm-none-eabi/lib/thumb/v7e-m/libc_nano.a(lib_a-nano-svfprintf.o)
                0x0000000008005b2c                _svfprintf_r
                0x0000000008005b2c                _svfiprintf_r
 .text._printf_common
                0x0000000008005d18       0xea /Users/tonyhabib/.platformio/packages/toolchain-gccarmnoneeabi/bin/../lib/gcc/arm-none-eabi/7.2.1/../../../../arm-none-eabi/lib/thumb/v7e-m/libc_nano.a(lib_a-nano-vfprintf_i.o)
                0x0000000008005d18                _printf_common
 *fill*         0x0000000008005e02        0x2 
 .text._printf_i
                0x0000000008005e04      0x224 /Users/tonyhabib/.platformio/packages/toolchain-gccarmnoneeabi/bin/../lib/gcc/arm-none-eabi/7.2.1/../../../../arm-none-eabi/lib/thumb/v7e-m/libc_nano.a(lib_a-nano-vfprintf_i.o)
                0x0000000008005e04                _printf_i
 .text.__ascii_wctomb
                0x0000000008006028       0x1a /Users/tonyhabib/.platformio/packages/toolchain-gccarmnoneeabi/bin/../lib/gcc/arm-none-eabi/7.2.1/../../../../arm-none-eabi/lib/thumb/v7e-m/libc_nano.a(lib_a-wctomb_r.o)
                0x0000000008006028                __ascii_wctomb
 .text.memmove  0x0000000008006042       0x32 /Users/tonyhabib/.platformio/packages/toolchain-gccarmnoneeabi/bin/../lib/gcc/arm-none-eabi/7.2.1/../../../../arm-none-eabi/lib/thumb/v7e-m/libc_nano.a(lib_a-memmove.o)
                0x0000000008006042                memmove
 .text._realloc_r
                0x0000000008006074       0x4c /Users/tonyhabib/.platformio/packages/toolchain-gccarmnoneeabi/bin/../lib/gcc/arm-none-eabi/7.2.1/../../../../arm-none-eabi/lib/thumb/v7e-m/libc_nano.a(lib_a-nano-reallocr.o)
                0x0000000008006074                _realloc_r
 .text._malloc_usable_size_r
                0x00000000080060c0       0x10 /Users/tonyhabib/.platformio/packages/toolchain-gccarmnoneeabi/bin/../lib/gcc/arm-none-eabi/7.2.1/../../../../arm-none-eabi/lib/thumb/v7e-m/libc_nano.a(lib_a-nano-msizer.o)
                0x00000000080060c0                _malloc_usable_size_r
 .text._sbrk    0x00000000080060d0       0x1c /Users/tonyhabib/.platformio/packages/toolchain-gccarmnoneeabi/bin/../lib/gcc/arm-none-eabi/7.2.1/../../../../arm-none-eabi/lib/thumb/v7e-m/libnosys.a(sbrk.o)
                0x00000000080060d0                _sbrk
 .text.Reset_Handler
                0x00000000080060ec       0x50 .pio/build/disco_f429zi/libFrameworkCMSISDevice.a(startup_stm32f429xx.o)
                0x00000000080060ec                Reset_Handler
 .text.Default_Handler
                0x000000000800613c        0x2 .pio/build/disco_f429zi/libFrameworkCMSISDevice.a(startup_stm32f429xx.o)
                0x000000000800613c                DMA1_Stream3_IRQHandler
                0x000000000800613c                HASH_RNG_IRQHandler
                0x000000000800613c                EXTI2_IRQHandler
                0x000000000800613c                TIM8_CC_IRQHandler
                0x000000000800613c                DebugMon_Handler
                0x000000000800613c                UART8_IRQHandler
                0x000000000800613c                SPI4_IRQHandler
                0x000000000800613c                TIM1_CC_IRQHandler
                0x000000000800613c                DMA2_Stream5_IRQHandler
                0x000000000800613c                HardFault_Handler
                0x000000000800613c                DMA1_Stream5_IRQHandler
                0x000000000800613c                PVD_IRQHandler
                0x000000000800613c                SDIO_IRQHandler
                0x000000000800613c                TAMP_STAMP_IRQHandler
                0x000000000800613c                PendSV_Handler
                0x000000000800613c                NMI_Handler
                0x000000000800613c                CAN2_RX1_IRQHandler
                0x000000000800613c                EXTI3_IRQHandler
                0x000000000800613c                TIM8_TRG_COM_TIM14_IRQHandler
                0x000000000800613c                TIM1_UP_TIM10_IRQHandler
                0x000000000800613c                TIM8_UP_TIM13_IRQHandler
                0x000000000800613c                I2C3_ER_IRQHandler
                0x000000000800613c                I2C2_EV_IRQHandler
                0x000000000800613c                DMA1_Stream2_IRQHandler
                0x000000000800613c                CAN1_RX0_IRQHandler
                0x000000000800613c                FPU_IRQHandler
                0x000000000800613c                OTG_HS_WKUP_IRQHandler
                0x000000000800613c                UsageFault_Handler
                0x000000000800613c                LTDC_ER_IRQHandler
                0x000000000800613c                CAN2_SCE_IRQHandler
                0x000000000800613c                DMA2_Stream2_IRQHandler
                0x000000000800613c                SPI1_IRQHandler
                0x000000000800613c                TIM6_DAC_IRQHandler
                0x000000000800613c                TIM1_BRK_TIM9_IRQHandler
                0x000000000800613c                DCMI_IRQHandler
                0x000000000800613c                CAN2_RX0_IRQHandler
                0x000000000800613c                DMA2_Stream3_IRQHandler
                0x000000000800613c                USART6_IRQHandler
                0x000000000800613c                USART3_IRQHandler
                0x000000000800613c                CAN1_RX1_IRQHandler
                0x000000000800613c                UART5_IRQHandler
                0x000000000800613c                DMA2_Stream0_IRQHandler
                0x000000000800613c                TIM4_IRQHandler
                0x000000000800613c                I2C1_EV_IRQHandler
                0x000000000800613c                DMA1_Stream6_IRQHandler
                0x000000000800613c                DMA1_Stream1_IRQHandler
                0x000000000800613c                UART4_IRQHandler
                0x000000000800613c                RCC_IRQHandler
                0x000000000800613c                TIM8_BRK_TIM12_IRQHandler
                0x000000000800613c                Default_Handler
                0x000000000800613c                EXTI15_10_IRQHandler
                0x000000000800613c                ADC_IRQHandler
                0x000000000800613c                DMA1_Stream7_IRQHandler
                0x000000000800613c                SPI5_IRQHandler
                0x000000000800613c                TIM7_IRQHandler
                0x000000000800613c                CAN2_TX_IRQHandler
                0x000000000800613c                TIM5_IRQHandler
                0x000000000800613c                DMA2_Stream7_IRQHandler
                0x000000000800613c                I2C3_EV_IRQHandler
                0x000000000800613c                EXTI9_5_IRQHandler
                0x000000000800613c                RTC_WKUP_IRQHandler
                0x000000000800613c                LTDC_IRQHandler
                0x000000000800613c                ETH_WKUP_IRQHandler
                0x000000000800613c                SPI2_IRQHandler
                0x000000000800613c                OTG_HS_EP1_IN_IRQHandler
                0x000000000800613c                MemManage_Handler
                0x000000000800613c                DMA1_Stream0_IRQHandler
                0x000000000800613c                CAN1_TX_IRQHandler
                0x000000000800613c                SVC_Handler
                0x000000000800613c                EXTI4_IRQHandler
                0x000000000800613c                ETH_IRQHandler
                0x000000000800613c                OTG_HS_EP1_OUT_IRQHandler
                0x000000000800613c                WWDG_IRQHandler
                0x000000000800613c                SPI6_IRQHandler
                0x000000000800613c                OTG_FS_WKUP_IRQHandler
                0x000000000800613c                TIM1_TRG_COM_TIM11_IRQHandler
                0x000000000800613c                OTG_HS_IRQHandler
                0x000000000800613c                DMA2D_IRQHandler
                0x000000000800613c                EXTI1_IRQHandler
                0x000000000800613c                UART7_IRQHandler
                0x000000000800613c                USART2_IRQHandler
                0x000000000800613c                I2C2_ER_IRQHandler
                0x000000000800613c                DMA2_Stream1_IRQHandler
                0x000000000800613c                CAN1_SCE_IRQHandler
                0x000000000800613c                FLASH_IRQHandler
                0x000000000800613c                DMA2_Stream4_IRQHandler
                0x000000000800613c                BusFault_Handler
                0x000000000800613c                USART1_IRQHandler
                0x000000000800613c                OTG_FS_IRQHandler
                0x000000000800613c                SPI3_IRQHandler
                0x000000000800613c                DMA1_Stream4_IRQHandler
                0x000000000800613c                I2C1_ER_IRQHandler
                0x000000000800613c                FMC_IRQHandler
                0x000000000800613c                DMA2_Stream6_IRQHandler
                0x000000000800613c                SAI1_IRQHandler
                0x000000000800613c                RTC_Alarm_IRQHandler
 .text.SystemInit
                0x000000000800613e        0x2 .pio/build/disco_f429zi/libFrameworkCMSISDevice.a(system_stm32f4xx.o)
                0x000000000800613e                SystemInit
 .text.ili9341_GetLcdPixelWidth
                0x0000000008006140        0x4 .pio/build/disco_f429zi/lib9ed/libili9341.a(ili9341.o)
                0x0000000008006140                ili9341_GetLcdPixelWidth
 .text.ili9341_GetLcdPixelHeight
                0x0000000008006144        0x6 .pio/build/disco_f429zi/lib9ed/libili9341.a(ili9341.o)
                0x0000000008006144                ili9341_GetLcdPixelHeight
 .text.ili9341_DisplayOn
                0x000000000800614a        0x6 .pio/build/disco_f429zi/lib9ed/libili9341.a(ili9341.o)
                0x000000000800614a                ili9341_DisplayOn
 .text.ili9341_DisplayOff
                0x0000000008006150        0x6 .pio/build/disco_f429zi/lib9ed/libili9341.a(ili9341.o)
                0x0000000008006150                ili9341_DisplayOff
 .text.ili9341_Init
                0x0000000008006156      0x292 .pio/build/disco_f429zi/lib9ed/libili9341.a(ili9341.o)
                0x0000000008006156                ili9341_Init
 .text.ili9341_ReadID
                0x00000000080063e8       0x12 .pio/build/disco_f429zi/lib9ed/libili9341.a(ili9341.o)
                0x00000000080063e8                ili9341_ReadID
 *(.glue_7)
 .glue_7        0x00000000080063fa        0x0 linker stubs
 *(.glue_7t)
 .glue_7t       0x00000000080063fa        0x0 linker stubs
 *(.eh_frame)
 *fill*         0x00000000080063fa        0x2 
 .eh_frame      0x00000000080063fc        0x0 /Users/tonyhabib/.platformio/packages/toolchain-gccarmnoneeabi/bin/../lib/gcc/arm-none-eabi/7.2.1/thumb/v7e-m/crtbegin.o
 *(.init)
 .init          0x00000000080063fc        0x4 /Users/tonyhabib/.platformio/packages/toolchain-gccarmnoneeabi/bin/../lib/gcc/arm-none-eabi/7.2.1/thumb/v7e-m/crti.o
                0x00000000080063fc                _init
 .init          0x0000000008006400        0x8 /Users/tonyhabib/.platformio/packages/toolchain-gccarmnoneeabi/bin/../lib/gcc/arm-none-eabi/7.2.1/thumb/v7e-m/crtn.o
 *(.fini)
 .fini          0x0000000008006408        0x4 /Users/tonyhabib/.platformio/packages/toolchain-gccarmnoneeabi/bin/../lib/gcc/arm-none-eabi/7.2.1/thumb/v7e-m/crti.o
                0x0000000008006408                _fini
 .fini          0x000000000800640c        0x8 /Users/tonyhabib/.platformio/packages/toolchain-gccarmnoneeabi/bin/../lib/gcc/arm-none-eabi/7.2.1/thumb/v7e-m/crtn.o
                0x0000000008006414                . = ALIGN (0x4)
                0x0000000008006414                _etext = .

.vfp11_veneer   0x0000000008006414        0x0
 .vfp11_veneer  0x0000000008006414        0x0 linker stubs

.v4_bx          0x0000000008006414        0x0
 .v4_bx         0x0000000008006414        0x0 linker stubs

.iplt           0x0000000008006414        0x0
 .iplt          0x0000000008006414        0x0 /Users/tonyhabib/.platformio/packages/toolchain-gccarmnoneeabi/bin/../lib/gcc/arm-none-eabi/7.2.1/thumb/v7e-m/crtbegin.o

.rodata         0x0000000008006414     0x301c
                0x0000000008006414                . = ALIGN (0x4)
 *(.rodata)
 *(.rodata*)
 .rodata.flagBitshiftOffset.11273
                0x0000000008006414        0x8 .pio/build/disco_f429zi/FrameworkHALDriver/Src/stm32f4xx_hal_dma.o
 .rodata.ConsoleInit.str1.1
                0x000000000800641c       0x4e .pio/build/disco_f429zi/src/console.o
 .rodata.ConsoleProcess.str1.1
                0x000000000800646a       0x22 .pio/build/disco_f429zi/src/console.o
 .rodata.ConsoleCommandCompareSequence.str1.1
                0x000000000800648c       0x2e .pio/build/disco_f429zi/src/consoleCommands.o
 .rodata.ConsoleCommandDebugPrint.str1.1
                0x00000000080064ba      0x11c .pio/build/disco_f429zi/src/consoleCommands.o
                                        0x11f (size before relaxing)
 .rodata.ConsoleCommandGetGyroMotion.str1.1
                0x00000000080065d6       0x3d .pio/build/disco_f429zi/src/consoleCommands.o
                                         0x51 (size before relaxing)
 .rodata.ConsoleCommandGetGyroSample.str1.1
                0x0000000008006613       0x21 .pio/build/disco_f429zi/src/consoleCommands.o
 .rodata.ConsoleCommandGetRandomValue.str1.1
                0x0000000008006634        0x8 .pio/build/disco_f429zi/src/consoleCommands.o
 .rodata.ConsoleCommandHelp.str1.1
                0x000000000800663c        0x4 .pio/build/disco_f429zi/src/consoleCommands.o
 .rodata.ConsoleCommandIncrementSequence.str1.1
                0x0000000008006640       0x1a .pio/build/disco_f429zi/src/consoleCommands.o
 .rodata.ConsoleCommandPlaySequence.str1.1
                0x000000000800665a       0x25 .pio/build/disco_f429zi/src/consoleCommands.o
 .rodata.ConsoleCommandPrintSequence.str1.1
                0x000000000800667f       0x1c .pio/build/disco_f429zi/src/consoleCommands.o
 .rodata.ConsoleCommandSetDebugMode.str1.1
                0x000000000800669b       0x14 .pio/build/disco_f429zi/src/consoleCommands.o
 .rodata.ConsoleCommandVer.str1.1
                0x00000000080066af       0x15 .pio/build/disco_f429zi/src/consoleCommands.o
 .rodata.mConsoleCommandTable
                0x00000000080066c4      0x480 .pio/build/disco_f429zi/src/consoleCommands.o
 .rodata.str1.1
                0x0000000008006b44       0x5c .pio/build/disco_f429zi/src/consoleCommands.o
                                         0x60 (size before relaxing)
 .rodata.gameOver.str1.1
                0x0000000008006ba0       0x35 .pio/build/disco_f429zi/src/game.o
 .rodata.playSequence.str1.1
                0x0000000008006bd5        0x5 .pio/build/disco_f429zi/src/game.o
 *fill*         0x0000000008006bda        0x2 
 .rodata.theGameStateMap
                0x0000000008006bdc       0x38 .pio/build/disco_f429zi/src/game.o
 .rodata.titleScreen.str1.1
                0x0000000008006c14       0x22 .pio/build/disco_f429zi/src/game.o
 .rodata.updateScoreDisplay.str1.1
                0x0000000008006c36        0xa .pio/build/disco_f429zi/src/game.o
 .rodata.Font16_Table
                0x0000000008006c40      0xbe0 .pio/build/disco_f429zi/lib568/libFonts.a(font16.o)
                0x0000000008006c40                Font16_Table
 .rodata.GPIO_PIN
                0x0000000008007820        0x4 .pio/build/disco_f429zi/lib292/libSTM32F429I-Discovery.a(stm32f429i_discovery.o)
                0x0000000008007820                GPIO_PIN
 .rodata._setlocale_r.str1.1
                0x0000000008007824        0x8 /Users/tonyhabib/.platformio/packages/toolchain-gccarmnoneeabi/bin/../lib/gcc/arm-none-eabi/7.2.1/../../../../arm-none-eabi/lib/thumb/v7e-m/libc_nano.a(lib_a-locale.o)
                                          0x9 (size before relaxing)
 .rodata.str1.1
                0x000000000800782c        0x8 /Users/tonyhabib/.platformio/packages/toolchain-gccarmnoneeabi/bin/../lib/gcc/arm-none-eabi/7.2.1/../../../../arm-none-eabi/lib/thumb/v7e-m/libc_nano.a(lib_a-locale.o)
                                          0x2 (size before relaxing)
 .rodata._svfprintf_r.str1.1
                0x000000000800782c       0x11 /Users/tonyhabib/.platformio/packages/toolchain-gccarmnoneeabi/bin/../lib/gcc/arm-none-eabi/7.2.1/../../../../arm-none-eabi/lib/thumb/v7e-m/libc_nano.a(lib_a-nano-svfprintf.o)
 .rodata._printf_i.str1.1
                0x000000000800783d       0x22 /Users/tonyhabib/.platformio/packages/toolchain-gccarmnoneeabi/bin/../lib/gcc/arm-none-eabi/7.2.1/../../../../arm-none-eabi/lib/thumb/v7e-m/libc_nano.a(lib_a-nano-vfprintf_i.o)
 .rodata._ctype_
                0x000000000800785f      0x101 /Users/tonyhabib/.platformio/packages/toolchain-gccarmnoneeabi/bin/../lib/gcc/arm-none-eabi/7.2.1/../../../../arm-none-eabi/lib/thumb/v7e-m/libc_nano.a(lib_a-ctype_.o)
                0x000000000800785f                _ctype_
 .rodata.AHBPrescTable
                0x0000000008007960       0x10 .pio/build/disco_f429zi/libFrameworkCMSISDevice.a(system_stm32f4xx.o)
                0x0000000008007960                AHBPrescTable
 .rodata.APBPrescTable
                0x0000000008007970        0x8 .pio/build/disco_f429zi/libFrameworkCMSISDevice.a(system_stm32f4xx.o)
                0x0000000008007970                APBPrescTable
 .rodata.Font24_Table
                0x0000000008007978     0x1ab8 .pio/build/disco_f429zi/lib568/libFonts.a(font24.o)
                0x0000000008007978                Font24_Table
                0x0000000008009430                . = ALIGN (0x4)

.ARM.extab      0x0000000008009430        0x0
                0x0000000008009430                . = ALIGN (0x4)
 *(.ARM.extab* .gnu.linkonce.armextab.*)
                0x0000000008009430                . = ALIGN (0x4)

.ARM            0x0000000008009430        0x8
                0x0000000008009430                . = ALIGN (0x4)
                0x0000000008009430                __exidx_start = .
 *(.ARM.exidx*)
 .ARM.exidx     0x0000000008009430        0x8 /Users/tonyhabib/.platformio/packages/toolchain-gccarmnoneeabi/bin/../lib/gcc/arm-none-eabi/7.2.1/thumb/v7e-m/libgcc.a(_udivmoddi4.o)
                0x0000000008009438                __exidx_end = .
                0x0000000008009438                . = ALIGN (0x4)

.rel.dyn        0x0000000008009438        0x0
 .rel.iplt      0x0000000008009438        0x0 /Users/tonyhabib/.platformio/packages/toolchain-gccarmnoneeabi/bin/../lib/gcc/arm-none-eabi/7.2.1/thumb/v7e-m/crtbegin.o

.preinit_array  0x0000000008009438        0x0
                0x0000000008009438                . = ALIGN (0x4)
                0x0000000008009438                PROVIDE (__preinit_array_start, .)
 *(.preinit_array*)
                0x0000000008009438                PROVIDE (__preinit_array_end, .)
                0x0000000008009438                . = ALIGN (0x4)

.init_array     0x0000000008009438        0x4
                0x0000000008009438                . = ALIGN (0x4)
                0x0000000008009438                PROVIDE (__init_array_start, .)
 *(SORT_BY_NAME(.init_array.*))
 *(.init_array*)
 .init_array    0x0000000008009438        0x4 /Users/tonyhabib/.platformio/packages/toolchain-gccarmnoneeabi/bin/../lib/gcc/arm-none-eabi/7.2.1/thumb/v7e-m/crtbegin.o
                0x000000000800943c                PROVIDE (__init_array_end, .)
                0x000000000800943c                . = ALIGN (0x4)

.fini_array     0x000000000800943c        0x4
                0x000000000800943c                . = ALIGN (0x4)
                [!provide]                        PROVIDE (__fini_array_start, .)
 *(SORT_BY_NAME(.fini_array.*))
 *(.fini_array*)
 .fini_array    0x000000000800943c        0x4 /Users/tonyhabib/.platformio/packages/toolchain-gccarmnoneeabi/bin/../lib/gcc/arm-none-eabi/7.2.1/thumb/v7e-m/crtbegin.o
                [!provide]                        PROVIDE (__fini_array_end, .)
                0x0000000008009440                . = ALIGN (0x4)
                0x0000000008009440                _sidata = LOADADDR (.data)

.data           0x0000000020000000      0x254 load address 0x0000000008009440
                0x0000000020000000                . = ALIGN (0x4)
                0x0000000020000000                _sdata = .
 *(.data)
 *(.data*)
 .data.uwTickFreq
                0x0000000020000000        0x1 .pio/build/disco_f429zi/FrameworkHALDriver/Src/stm32f4xx_hal.o
                0x0000000020000000                uwTickFreq
 *fill*         0x0000000020000001        0x3 
 .data.uwTickPrio
                0x0000000020000004        0x4 .pio/build/disco_f429zi/FrameworkHALDriver/Src/stm32f4xx_hal.o
                0x0000000020000004                uwTickPrio
 .data.initGlobal
                0x0000000020000008        0x4 .pio/build/disco_f429zi/src/consoleCommands.o
                0x0000000020000008                initGlobal
 .data.staticVar.13417
                0x000000002000000c        0x4 .pio/build/disco_f429zi/src/consoleCommands.o
 .data.gGraphicsMode
                0x0000000020000010        0x1 .pio/build/disco_f429zi/src/game.o
 *fill*         0x0000000020000011        0x3 
 .data.gyroMotionTolerance
                0x0000000020000014        0x4 .pio/build/disco_f429zi/src/gyro_util.o
 .data.updateFunctions
                0x0000000020000018       0x10 .pio/build/disco_f429zi/src/matrix_util.o
                0x0000000020000018                updateFunctions
 .data.Font16   0x0000000020000028        0x8 .pio/build/disco_f429zi/lib568/libFonts.a(font16.o)
                0x0000000020000028                Font16
 .data.GPIO_PORT
                0x0000000020000030        0x8 .pio/build/disco_f429zi/lib292/libSTM32F429I-Discovery.a(stm32f429i_discovery.o)
                0x0000000020000030                GPIO_PORT
 .data.SpixTimeout
                0x0000000020000038        0x4 .pio/build/disco_f429zi/lib292/libSTM32F429I-Discovery.a(stm32f429i_discovery.o)
                0x0000000020000038                SpixTimeout
 .data.sdramstatus.11215
                0x000000002000003c        0x1 .pio/build/disco_f429zi/lib292/libSTM32F429I-Discovery.a(stm32f429i_discovery_sdram.o)
 *fill*         0x000000002000003d        0x3 
 .data._impure_ptr
                0x0000000020000040        0x4 /Users/tonyhabib/.platformio/packages/toolchain-gccarmnoneeabi/bin/../lib/gcc/arm-none-eabi/7.2.1/../../../../arm-none-eabi/lib/thumb/v7e-m/libc_nano.a(lib_a-impure.o)
                0x0000000020000040                _impure_ptr
 .data.impure_data
                0x0000000020000044       0x60 /Users/tonyhabib/.platformio/packages/toolchain-gccarmnoneeabi/bin/../lib/gcc/arm-none-eabi/7.2.1/../../../../arm-none-eabi/lib/thumb/v7e-m/libc_nano.a(lib_a-impure.o)
 .data.__global_locale
                0x00000000200000a4      0x16c /Users/tonyhabib/.platformio/packages/toolchain-gccarmnoneeabi/bin/../lib/gcc/arm-none-eabi/7.2.1/../../../../arm-none-eabi/lib/thumb/v7e-m/libc_nano.a(lib_a-locale.o)
                0x00000000200000a4                __global_locale
 .data.SystemCoreClock
                0x0000000020000210        0x4 .pio/build/disco_f429zi/libFrameworkCMSISDevice.a(system_stm32f4xx.o)
                0x0000000020000210                SystemCoreClock
 .data.Font24   0x0000000020000214        0x8 .pio/build/disco_f429zi/lib568/libFonts.a(font24.o)
                0x0000000020000214                Font24
 .data.ili9341_drv
                0x000000002000021c       0x38 .pio/build/disco_f429zi/lib9ed/libili9341.a(ili9341.o)
                0x000000002000021c                ili9341_drv
 *(.RamFunc)
 *(.RamFunc*)
                0x0000000020000254                . = ALIGN (0x4)
                0x0000000020000254                _edata = .
                0x0000000008009694                _siccmram = LOADADDR (.ccmram)

.igot.plt       0x0000000020000254        0x0 load address 0x0000000008009694
 .igot.plt      0x0000000020000254        0x0 /Users/tonyhabib/.platformio/packages/toolchain-gccarmnoneeabi/bin/../lib/gcc/arm-none-eabi/7.2.1/thumb/v7e-m/crtbegin.o

.ccmram         0x0000000010000000        0x0 load address 0x0000000008009694
                0x0000000010000000                . = ALIGN (0x4)
                0x0000000010000000                _sccmram = .
 *(.ccmram)
 *(.ccmram*)
                0x0000000010000000                . = ALIGN (0x4)
                0x0000000010000000                _eccmram = .
                0x0000000010000000                . = ALIGN (0x4)

.bss            0x0000000020000254      0x7c8
                0x0000000020000254                _sbss = .
                0x0000000020000254                __bss_start__ = _sbss
 *(.bss)
 .bss           0x0000000020000254       0x1c /Users/tonyhabib/.platformio/packages/toolchain-gccarmnoneeabi/bin/../lib/gcc/arm-none-eabi/7.2.1/thumb/v7e-m/crtbegin.o
 *(.bss*)
 .bss.graphicsBuffer
                0x0000000020000270      0x100 .pio/build/disco_f429zi/src/HUB75ELib.o
                0x0000000020000270                graphicsBuffer
 .bss.mReceiveBufferNeedsChecking
                0x0000000020000370        0x1 .pio/build/disco_f429zi/src/console.o
                0x0000000020000370                mReceiveBufferNeedsChecking
 .bss.gGameState
                0x0000000020000371        0x1 .pio/build/disco_f429zi/src/game.o
 *fill*         0x0000000020000372        0x2 
 .bss.gMatchSequence
                0x0000000020000374      0x190 .pio/build/disco_f429zi/src/game.o
 .bss.gScore    0x0000000020000504        0x4 .pio/build/disco_f429zi/src/game.o
 .bss.gSeqSize  0x0000000020000508        0x4 .pio/build/disco_f429zi/src/game.o
 .bss.debugMode
                0x000000002000050c        0x4 .pio/build/disco_f429zi/src/main.o
                0x000000002000050c                debugMode
 .bss.gyroTimerCount
                0x0000000020000510        0x4 .pio/build/disco_f429zi/src/main.o
                0x0000000020000510                gyroTimerCount
 .bss.matrixTimerCount
                0x0000000020000514        0x4 .pio/build/disco_f429zi/src/main.o
                0x0000000020000514                matrixTimerCount
 .bss.myBitmap  0x0000000020000518      0x100 .pio/build/disco_f429zi/src/matrix_util.o
 .bss.uwPrescalerValue
                0x0000000020000618        0x2 .pio/build/disco_f429zi/src/matrix_util.o
                0x0000000020000618                uwPrescalerValue
 .bss.Is_LCD_IO_Initialized
                0x000000002000061a        0x1 .pio/build/disco_f429zi/lib292/libSTM32F429I-Discovery.a(stm32f429i_discovery.o)
 *fill*         0x000000002000061b        0x1 
 .bss.SpiHandle
                0x000000002000061c       0x58 .pio/build/disco_f429zi/lib292/libSTM32F429I-Discovery.a(stm32f429i_discovery.o)
 .bss.ActiveLayer
                0x0000000020000674        0x4 .pio/build/disco_f429zi/lib292/libSTM32F429I-Discovery.a(stm32f429i_discovery_lcd.o)
 .bss.Dma2dHandler
                0x0000000020000678       0x40 .pio/build/disco_f429zi/lib292/libSTM32F429I-Discovery.a(stm32f429i_discovery_lcd.o)
 .bss.DrawProp  0x00000000200006b8       0x18 .pio/build/disco_f429zi/lib292/libSTM32F429I-Discovery.a(stm32f429i_discovery_lcd.o)
 .bss.PeriphClkInitStruct
                0x00000000200006d0       0x30 .pio/build/disco_f429zi/lib292/libSTM32F429I-Discovery.a(stm32f429i_discovery_lcd.o)
 .bss.Command   0x0000000020000700       0x10 .pio/build/disco_f429zi/lib292/libSTM32F429I-Discovery.a(stm32f429i_discovery_sdram.o)
 .bss.SdramHandle
                0x0000000020000710       0x34 .pio/build/disco_f429zi/lib292/libSTM32F429I-Discovery.a(stm32f429i_discovery_sdram.o)
 .bss.Timing    0x0000000020000744       0x1c .pio/build/disco_f429zi/lib292/libSTM32F429I-Discovery.a(stm32f429i_discovery_sdram.o)
 .bss.dmaHandle.11250
                0x0000000020000760       0x60 .pio/build/disco_f429zi/lib292/libSTM32F429I-Discovery.a(stm32f429i_discovery_sdram.o)
 .bss.__malloc_free_list
                0x00000000200007c0        0x4 /Users/tonyhabib/.platformio/packages/toolchain-gccarmnoneeabi/bin/../lib/gcc/arm-none-eabi/7.2.1/../../../../arm-none-eabi/lib/thumb/v7e-m/libc_nano.a(lib_a-nano-mallocr.o)
                0x00000000200007c0                __malloc_free_list
 .bss.__malloc_sbrk_start
                0x00000000200007c4        0x4 /Users/tonyhabib/.platformio/packages/toolchain-gccarmnoneeabi/bin/../lib/gcc/arm-none-eabi/7.2.1/../../../../arm-none-eabi/lib/thumb/v7e-m/libc_nano.a(lib_a-nano-mallocr.o)
                0x00000000200007c4                __malloc_sbrk_start
 .bss.heap_end.4102
                0x00000000200007c8        0x4 /Users/tonyhabib/.platformio/packages/toolchain-gccarmnoneeabi/bin/../lib/gcc/arm-none-eabi/7.2.1/../../../../arm-none-eabi/lib/thumb/v7e-m/libnosys.a(sbrk.o)
 *(COMMON)
 COMMON         0x00000000200007cc        0x4 .pio/build/disco_f429zi/FrameworkHALDriver/Src/stm32f4xx_hal.o
                0x00000000200007cc                uwTick
 COMMON         0x00000000200007d0        0x3 .pio/build/disco_f429zi/src/HUB75ELib.o
                0x00000000200007d0                brightness
                0x00000000200007d1                addressingMode
                0x00000000200007d2                displayColor
 *fill*         0x00000000200007d3        0x1 
 COMMON         0x00000000200007d4      0x104 .pio/build/disco_f429zi/src/console.o
                0x00000000200007d4                mReceivedSoFar
                0x00000000200007d8                mReceiveBuffer
 COMMON         0x00000000200008d8        0x4 .pio/build/disco_f429zi/src/consoleCommands.o
                0x00000000200008d8                unInitGlobal
 COMMON         0x00000000200008dc       0x44 .pio/build/disco_f429zi/src/consoleIo.o
                0x00000000200008dc                UartHandle
 COMMON         0x0000000020000920       0x4c .pio/build/disco_f429zi/src/gyro_util.o
                0x0000000020000920                uwPreScalerValue
                0x0000000020000924                TimHandle
 COMMON         0x000000002000096c       0xac .pio/build/disco_f429zi/lib292/libSTM32F429I-Discovery.a(stm32f429i_discovery_lcd.o)
                0x000000002000096c                LtdcHandler
                0x0000000020000a14                LcdDrv
 COMMON         0x0000000020000a18        0x4 /Users/tonyhabib/.platformio/packages/toolchain-gccarmnoneeabi/bin/../lib/gcc/arm-none-eabi/7.2.1/../../../../arm-none-eabi/lib/thumb/v7e-m/libc_nano.a(lib_a-reent.o)
                0x0000000020000a18                errno
                0x0000000020000a1c                . = ALIGN (0x4)
                0x0000000020000a1c                _ebss = .
                0x0000000020000a1c                __bss_end__ = _ebss

._user_heap_stack
                0x0000000020000a1c      0x604
                0x0000000020000a20                . = ALIGN (0x8)
 *fill*         0x0000000020000a1c        0x4 
                0x0000000020000a20                PROVIDE (end, .)
                [!provide]                        PROVIDE (_end, .)
                0x0000000020000c20                . = (. + _Min_Heap_Size)
 *fill*         0x0000000020000a20      0x200 
                0x0000000020001020                . = (. + _Min_Stack_Size)
 *fill*         0x0000000020000c20      0x400 
                0x0000000020001020                . = ALIGN (0x8)

/DISCARD/
 libc.a(*)
 libm.a(*)
 libgcc.a(*)

.ARM.attributes
                0x0000000000000000       0x2a
 *(.ARM.attributes)
 .ARM.attributes
                0x0000000000000000       0x1e /Users/tonyhabib/.platformio/packages/toolchain-gccarmnoneeabi/bin/../lib/gcc/arm-none-eabi/7.2.1/thumb/v7e-m/crti.o
 .ARM.attributes
                0x000000000000001e       0x2e /Users/tonyhabib/.platformio/packages/toolchain-gccarmnoneeabi/bin/../lib/gcc/arm-none-eabi/7.2.1/thumb/v7e-m/crtbegin.o
 .ARM.attributes
                0x000000000000004c       0x33 .pio/build/disco_f429zi/FrameworkHALDriver/Src/stm32f4xx_hal.o
 .ARM.attributes
                0x000000000000007f       0x33 .pio/build/disco_f429zi/FrameworkHALDriver/Src/stm32f4xx_hal_cortex.o
 .ARM.attributes
                0x00000000000000b2       0x33 .pio/build/disco_f429zi/FrameworkHALDriver/Src/stm32f4xx_hal_dma.o
 .ARM.attributes
                0x00000000000000e5       0x33 .pio/build/disco_f429zi/FrameworkHALDriver/Src/stm32f4xx_hal_dma2d.o
 .ARM.attributes
                0x0000000000000118       0x33 .pio/build/disco_f429zi/FrameworkHALDriver/Src/stm32f4xx_hal_gpio.o
 .ARM.attributes
                0x000000000000014b       0x33 .pio/build/disco_f429zi/FrameworkHALDriver/Src/stm32f4xx_hal_ltdc.o
 .ARM.attributes
                0x000000000000017e       0x33 .pio/build/disco_f429zi/FrameworkHALDriver/Src/stm32f4xx_hal_pwr_ex.o
 .ARM.attributes
                0x00000000000001b1       0x33 .pio/build/disco_f429zi/FrameworkHALDriver/Src/stm32f4xx_hal_rcc.o
 .ARM.attributes
                0x00000000000001e4       0x33 .pio/build/disco_f429zi/FrameworkHALDriver/Src/stm32f4xx_hal_rcc_ex.o
 .ARM.attributes
                0x0000000000000217       0x33 .pio/build/disco_f429zi/FrameworkHALDriver/Src/stm32f4xx_hal_sdram.o
 .ARM.attributes
                0x000000000000024a       0x33 .pio/build/disco_f429zi/FrameworkHALDriver/Src/stm32f4xx_hal_spi.o
 .ARM.attributes
                0x000000000000027d       0x33 .pio/build/disco_f429zi/FrameworkHALDriver/Src/stm32f4xx_hal_tim.o
 .ARM.attributes
                0x00000000000002b0       0x33 .pio/build/disco_f429zi/FrameworkHALDriver/Src/stm32f4xx_hal_tim_ex.o
 .ARM.attributes
                0x00000000000002e3       0x33 .pio/build/disco_f429zi/FrameworkHALDriver/Src/stm32f4xx_hal_uart.o
 .ARM.attributes
                0x0000000000000316       0x33 .pio/build/disco_f429zi/FrameworkHALDriver/Src/stm32f4xx_ll_fmc.o
 .ARM.attributes
                0x0000000000000349       0x33 .pio/build/disco_f429zi/src/HUB75ELib.o
 .ARM.attributes
                0x000000000000037c       0x33 .pio/build/disco_f429zi/src/HUB75E_Hal.o
 .ARM.attributes
                0x00000000000003af       0x33 .pio/build/disco_f429zi/src/LcdDisplay.o
 .ARM.attributes
                0x00000000000003e2       0x33 .pio/build/disco_f429zi/src/console.o
 .ARM.attributes
                0x0000000000000415       0x33 .pio/build/disco_f429zi/src/consoleCommands.o
 .ARM.attributes
                0x0000000000000448       0x33 .pio/build/disco_f429zi/src/consoleIo.o
 .ARM.attributes
                0x000000000000047b       0x33 .pio/build/disco_f429zi/src/dwt_delay.o
 .ARM.attributes
                0x00000000000004ae       0x33 .pio/build/disco_f429zi/src/game.o
 .ARM.attributes
                0x00000000000004e1       0x33 .pio/build/disco_f429zi/src/gyro_util.o
 .ARM.attributes
                0x0000000000000514       0x33 .pio/build/disco_f429zi/src/main.o
 .ARM.attributes
                0x0000000000000547       0x33 .pio/build/disco_f429zi/src/matrix_util.o
 .ARM.attributes
                0x000000000000057a       0x33 .pio/build/disco_f429zi/lib568/libFonts.a(font16.o)
 .ARM.attributes
                0x00000000000005ad       0x33 .pio/build/disco_f429zi/lib292/libSTM32F429I-Discovery.a(stm32f429i_discovery.o)
 .ARM.attributes
                0x00000000000005e0       0x33 .pio/build/disco_f429zi/lib292/libSTM32F429I-Discovery.a(stm32f429i_discovery_lcd.o)
 .ARM.attributes
                0x0000000000000613       0x33 .pio/build/disco_f429zi/lib292/libSTM32F429I-Discovery.a(stm32f429i_discovery_sdram.o)
 .ARM.attributes
                0x0000000000000646       0x33 .pio/build/disco_f429zi/lib191/libi3g4250d.a(i3g4250d.o)
 .ARM.attributes
                0x0000000000000679       0x2e /Users/tonyhabib/.platformio/packages/toolchain-gccarmnoneeabi/bin/../lib/gcc/arm-none-eabi/7.2.1/../../../../arm-none-eabi/lib/thumb/v7e-m/libc_nano.a(lib_a-atoi.o)
 .ARM.attributes
                0x00000000000006a7       0x2e /Users/tonyhabib/.platformio/packages/toolchain-gccarmnoneeabi/bin/../lib/gcc/arm-none-eabi/7.2.1/../../../../arm-none-eabi/lib/thumb/v7e-m/libc_nano.a(lib_a-impure.o)
 .ARM.attributes
                0x00000000000006d5       0x2e /Users/tonyhabib/.platformio/packages/toolchain-gccarmnoneeabi/bin/../lib/gcc/arm-none-eabi/7.2.1/../../../../arm-none-eabi/lib/thumb/v7e-m/libc_nano.a(lib_a-init.o)
 .ARM.attributes
                0x0000000000000703       0x2e /Users/tonyhabib/.platformio/packages/toolchain-gccarmnoneeabi/bin/../lib/gcc/arm-none-eabi/7.2.1/../../../../arm-none-eabi/lib/thumb/v7e-m/libc_nano.a(lib_a-malloc.o)
 .ARM.attributes
                0x0000000000000731       0x2e /Users/tonyhabib/.platformio/packages/toolchain-gccarmnoneeabi/bin/../lib/gcc/arm-none-eabi/7.2.1/../../../../arm-none-eabi/lib/thumb/v7e-m/libc_nano.a(lib_a-memcpy-stub.o)
 .ARM.attributes
                0x000000000000075f       0x2e /Users/tonyhabib/.platformio/packages/toolchain-gccarmnoneeabi/bin/../lib/gcc/arm-none-eabi/7.2.1/../../../../arm-none-eabi/lib/thumb/v7e-m/libc_nano.a(lib_a-memset.o)
 .ARM.attributes
                0x000000000000078d       0x2e /Users/tonyhabib/.platformio/packages/toolchain-gccarmnoneeabi/bin/../lib/gcc/arm-none-eabi/7.2.1/../../../../arm-none-eabi/lib/thumb/v7e-m/libc_nano.a(lib_a-nano-freer.o)
 .ARM.attributes
                0x00000000000007bb       0x2e /Users/tonyhabib/.platformio/packages/toolchain-gccarmnoneeabi/bin/../lib/gcc/arm-none-eabi/7.2.1/../../../../arm-none-eabi/lib/thumb/v7e-m/libc_nano.a(lib_a-nano-mallocr.o)
 .ARM.attributes
                0x00000000000007e9       0x2e /Users/tonyhabib/.platformio/packages/toolchain-gccarmnoneeabi/bin/../lib/gcc/arm-none-eabi/7.2.1/../../../../arm-none-eabi/lib/thumb/v7e-m/libc_nano.a(lib_a-sbrkr.o)
 .ARM.attributes
                0x0000000000000817       0x2e /Users/tonyhabib/.platformio/packages/toolchain-gccarmnoneeabi/bin/../lib/gcc/arm-none-eabi/7.2.1/../../../../arm-none-eabi/lib/thumb/v7e-m/libc_nano.a(lib_a-sprintf.o)
 .ARM.attributes
                0x0000000000000845       0x2e /Users/tonyhabib/.platformio/packages/toolchain-gccarmnoneeabi/bin/../lib/gcc/arm-none-eabi/7.2.1/../../../../arm-none-eabi/lib/thumb/v7e-m/libc_nano.a(lib_a-strcat.o)
 .ARM.attributes
                0x0000000000000873       0x2e /Users/tonyhabib/.platformio/packages/toolchain-gccarmnoneeabi/bin/../lib/gcc/arm-none-eabi/7.2.1/../../../../arm-none-eabi/lib/thumb/v7e-m/libc_nano.a(lib_a-strtol.o)
 .ARM.attributes
                0x00000000000008a1       0x2e /Users/tonyhabib/.platformio/packages/toolchain-gccarmnoneeabi/bin/../lib/gcc/arm-none-eabi/7.2.1/../../../../arm-none-eabi/lib/thumb/v7e-m/libc_nano.a(lib_a-locale.o)
 .ARM.attributes